MPLINK 5.09, LINKER
Linker Map File - Created Mon Jun 15 12:50:58 2020

                                 Section Info
                  Section       Type    Address   Location Size(Bytes)
                ---------  ---------  ---------  ---------  ---------
               RESET_VECT       code   0x000000    program   0x0000ae
                   .cinit    romdata   0x000057    program   0x000004
.config_8007_BUILD/DEFAULT/PRODUCTION/16LF191       code   0x008007    program   0x000002
.config_8008_BUILD/DEFAULT/PRODUCTION/16LF191       code   0x008008    program   0x000002
.config_8009_BUILD/DEFAULT/PRODUCTION/16LF191       code   0x008009    program   0x000002
.config_800A_BUILD/DEFAULT/PRODUCTION/16LF191       code   0x00800a    program   0x000002
.config_800B_BUILD/DEFAULT/PRODUCTION/16LF191       code   0x00800b    program   0x000002



                              Program Memory Usage 
                               Start         End      
                           ---------   ---------      
                            0x000000    0x000058      
                            0x008007    0x00800b      
            94 out of 16650 program addresses used, program memory utilization is 0%



                              Symbols - Sorted by Name
                     Name    Address   Location    Storage File                     
                ---------  ---------  ---------  --------- ---------                
                    START   0x000007    program     static C:\Users\Haesh_MikoToniks\MPLABXProjects\first_asm_led_blink.X\16LF19156.ASM
                   WaitTx   0x000001    program     static C:\Users\Haesh_MikoToniks\MPLABXProjects\first_asm_led_blink.X\16LF19156.ASM
                 transmit   0x000001    program     static C:\Users\Haesh_MikoToniks\MPLABXProjects\first_asm_led_blink.X\16LF19156.ASM
             trigger_loop   0x00003a    program     static C:\Users\Haesh_MikoToniks\MPLABXProjects\first_asm_led_blink.X\16LF19156.ASM



                              Symbols - Sorted by Address
                     Name    Address   Location    Storage File                     
                ---------  ---------  ---------  --------- ---------                
                   WaitTx   0x000001    program     static C:\Users\Haesh_MikoToniks\MPLABXProjects\first_asm_led_blink.X\16LF19156.ASM
                 transmit   0x000001    program     static C:\Users\Haesh_MikoToniks\MPLABXProjects\first_asm_led_blink.X\16LF19156.ASM
                    START   0x000007    program     static C:\Users\Haesh_MikoToniks\MPLABXProjects\first_asm_led_blink.X\16LF19156.ASM
             trigger_loop   0x00003a    program     static C:\Users\Haesh_MikoToniks\MPLABXProjects\first_asm_led_blink.X\16LF19156.ASM


