MPLINK 5.09, LINKER
Linker Map File - Created Mon Jun 22 11:57:43 2020

                                 Section Info
                  Section       Type    Address   Location Size(Bytes)
                ---------  ---------  ---------  ---------  ---------
                 RES_VECT       code   0x000000    program   0x000094
                   .cinit    romdata   0x00004a    program   0x000004
.config_8007_BUILD/DEFAULT/PRODUCTION/USART_M       code   0x008007    program   0x000002
.config_8008_BUILD/DEFAULT/PRODUCTION/USART_M       code   0x008008    program   0x000002
.config_8009_BUILD/DEFAULT/PRODUCTION/USART_M       code   0x008009    program   0x000002
.config_800A_BUILD/DEFAULT/PRODUCTION/USART_M       code   0x00800a    program   0x000002
.config_800B_BUILD/DEFAULT/PRODUCTION/USART_M       code   0x00800b    program   0x000002



                              Program Memory Usage 
                               Start         End      
                           ---------   ---------      
                            0x000000    0x00004b      
                            0x008007    0x00800b      
            81 out of 16650 program addresses used, program memory utilization is 0%



                              Symbols - Sorted by Name
                     Name    Address   Location    Storage File                     
                ---------  ---------  ---------  --------- ---------                
                    START   0x000001    program     static C:\Users\Haesh_MikoToniks\MPLABXProjects\usart_pic16_asm.X\usart_main.asm
                 transmit   0x000045    program     static C:\Users\Haesh_MikoToniks\MPLABXProjects\usart_pic16_asm.X\usart_main.asm
             trigger_loop   0x00002c    program     static C:\Users\Haesh_MikoToniks\MPLABXProjects\usart_pic16_asm.X\usart_main.asm
          txreg_wait_loop   0x000047    program     static C:\Users\Haesh_MikoToniks\MPLABXProjects\usart_pic16_asm.X\usart_main.asm



                              Symbols - Sorted by Address
                     Name    Address   Location    Storage File                     
                ---------  ---------  ---------  --------- ---------                
                    START   0x000001    program     static C:\Users\Haesh_MikoToniks\MPLABXProjects\usart_pic16_asm.X\usart_main.asm
             trigger_loop   0x00002c    program     static C:\Users\Haesh_MikoToniks\MPLABXProjects\usart_pic16_asm.X\usart_main.asm
                 transmit   0x000045    program     static C:\Users\Haesh_MikoToniks\MPLABXProjects\usart_pic16_asm.X\usart_main.asm
          txreg_wait_loop   0x000047    program     static C:\Users\Haesh_MikoToniks\MPLABXProjects\usart_pic16_asm.X\usart_main.asm


