MPLINK 5.09, LINKER
Linker Map File - Created Tue Jun 23 11:44:01 2020

                                 Section Info
                  Section       Type    Address   Location Size(Bytes)
                ---------  ---------  ---------  ---------  ---------
                 RES_VECT       code   0x000000    program   0x000004
                   .cinit    romdata   0x000002    program   0x000004
                   .org_0       code   0x000004    program   0x000026
                MAIN_PROG       code   0x000017    program   0x0000a0
.config_8007_BUILD/DEFAULT/PRODUCTION/NEWPIC_       code   0x008007    program   0x000002
.config_8008_BUILD/DEFAULT/PRODUCTION/NEWPIC_       code   0x008008    program   0x000002
.config_8009_BUILD/DEFAULT/PRODUCTION/NEWPIC_       code   0x008009    program   0x000002
.config_800A_BUILD/DEFAULT/PRODUCTION/NEWPIC_       code   0x00800a    program   0x000002
.config_800B_BUILD/DEFAULT/PRODUCTION/NEWPIC_       code   0x00800b    program   0x000002



                              Program Memory Usage 
                               Start         End      
                           ---------   ---------      
                            0x000000    0x000066      
                            0x008007    0x00800b      
            108 out of 16650 program addresses used, program memory utilization is 0%



                              Symbols - Sorted by Name
                     Name    Address   Location    Storage File                     
                ---------  ---------  ---------  --------- ---------                
             _.org_0_000D   0x00000d    program     static C:\Users\Haesh_MikoToniks\MPLABXProjects\assambly projects\led_timer_delay_pic_asm.X\newpic_8b_simple.asm
          _MAIN_PROG_0046   0x00005d    program     static C:\Users\Haesh_MikoToniks\MPLABXProjects\assambly projects\led_timer_delay_pic_asm.X\newpic_8b_simple.asm
                     main   0x000058    program     static C:\Users\Haesh_MikoToniks\MPLABXProjects\assambly projects\led_timer_delay_pic_asm.X\newpic_8b_simple.asm
                    setup   0x000017    program     static C:\Users\Haesh_MikoToniks\MPLABXProjects\assambly projects\led_timer_delay_pic_asm.X\newpic_8b_simple.asm
                   toggle   0x00005b    program     static C:\Users\Haesh_MikoToniks\MPLABXProjects\assambly projects\led_timer_delay_pic_asm.X\newpic_8b_simple.asm
                 transmit   0x000062    program     static C:\Users\Haesh_MikoToniks\MPLABXProjects\assambly projects\led_timer_delay_pic_asm.X\newpic_8b_simple.asm
          txreg_wait_loop   0x000064    program     static C:\Users\Haesh_MikoToniks\MPLABXProjects\assambly projects\led_timer_delay_pic_asm.X\newpic_8b_simple.asm



                              Symbols - Sorted by Address
                     Name    Address   Location    Storage File                     
                ---------  ---------  ---------  --------- ---------                
             _.org_0_000D   0x00000d    program     static C:\Users\Haesh_MikoToniks\MPLABXProjects\assambly projects\led_timer_delay_pic_asm.X\newpic_8b_simple.asm
                    setup   0x000017    program     static C:\Users\Haesh_MikoToniks\MPLABXProjects\assambly projects\led_timer_delay_pic_asm.X\newpic_8b_simple.asm
                     main   0x000058    program     static C:\Users\Haesh_MikoToniks\MPLABXProjects\assambly projects\led_timer_delay_pic_asm.X\newpic_8b_simple.asm
                   toggle   0x00005b    program     static C:\Users\Haesh_MikoToniks\MPLABXProjects\assambly projects\led_timer_delay_pic_asm.X\newpic_8b_simple.asm
          _MAIN_PROG_0046   0x00005d    program     static C:\Users\Haesh_MikoToniks\MPLABXProjects\assambly projects\led_timer_delay_pic_asm.X\newpic_8b_simple.asm
                 transmit   0x000062    program     static C:\Users\Haesh_MikoToniks\MPLABXProjects\assambly projects\led_timer_delay_pic_asm.X\newpic_8b_simple.asm
          txreg_wait_loop   0x000064    program     static C:\Users\Haesh_MikoToniks\MPLABXProjects\assambly projects\led_timer_delay_pic_asm.X\newpic_8b_simple.asm


