MPLINK 5.09, LINKER
Linker Map File - Created Fri Jun 19 17:37:20 2020

                                 Section Info
                  Section       Type    Address   Location Size(Bytes)
                ---------  ---------  ---------  ---------  ---------
                   .org_0       code   0x000000    program   0x000004
                   .cinit    romdata   0x000002    program   0x000004
                     Main       code   0x000004    program   0x00004c
.config_8007_BUILD/DEFAULT/PRODUCTION/16LF191       code   0x008007    program   0x000002
.config_8008_BUILD/DEFAULT/PRODUCTION/16LF191       code   0x008008    program   0x000002
.config_8009_BUILD/DEFAULT/PRODUCTION/16LF191       code   0x008009    program   0x000002
.config_800A_BUILD/DEFAULT/PRODUCTION/16LF191       code   0x00800a    program   0x000002
.config_800B_BUILD/DEFAULT/PRODUCTION/16LF191       code   0x00800b    program   0x000002
                      reg      udata   0x000ca0       data   0x000003



                              Program Memory Usage 
                               Start         End      
                           ---------   ---------      
                            0x000000    0x000029      
                            0x008007    0x00800b      
            47 out of 16650 program addresses used, program memory utilization is 0%



                              Symbols - Sorted by Name
                     Name    Address   Location    Storage File                     
                ---------  ---------  ---------  --------- ---------                
                    Delay   0x000004    program     static C:\Users\Haesh_MikoToniks\MPLABXProjects\btn_led_blink_delay_asm_pic16.X\16LF19156.ASM
             Delaycounter   0x00000f    program     static C:\Users\Haesh_MikoToniks\MPLABXProjects\btn_led_blink_delay_asm_pic16.X\16LF19156.ASM
                    START   0x000013    program     static C:\Users\Haesh_MikoToniks\MPLABXProjects\btn_led_blink_delay_asm_pic16.X\16LF19156.ASM
               _Main_0005   0x000009    program     static C:\Users\Haesh_MikoToniks\MPLABXProjects\btn_led_blink_delay_asm_pic16.X\16LF19156.ASM
               _Main_0008   0x00000c    program     static C:\Users\Haesh_MikoToniks\MPLABXProjects\btn_led_blink_delay_asm_pic16.X\16LF19156.ASM
              checkSwitch   0x00001c    program     static C:\Users\Haesh_MikoToniks\MPLABXProjects\btn_led_blink_delay_asm_pic16.X\16LF19156.ASM
         oneSecondDelay_0   0x000008    program     static C:\Users\Haesh_MikoToniks\MPLABXProjects\btn_led_blink_delay_asm_pic16.X\16LF19156.ASM
               startBlink   0x000020    program     static C:\Users\Haesh_MikoToniks\MPLABXProjects\btn_led_blink_delay_asm_pic16.X\16LF19156.ASM
                stopBlink   0x000029    program     static C:\Users\Haesh_MikoToniks\MPLABXProjects\btn_led_blink_delay_asm_pic16.X\16LF19156.ASM
                     REGA   0x000ca0       data     static C:\Users\Haesh_MikoToniks\MPLABXProjects\btn_led_blink_delay_asm_pic16.X\16LF19156.ASM
                     REGB   0x000ca1       data     static C:\Users\Haesh_MikoToniks\MPLABXProjects\btn_led_blink_delay_asm_pic16.X\16LF19156.ASM
                     REGC   0x000ca2       data     static C:\Users\Haesh_MikoToniks\MPLABXProjects\btn_led_blink_delay_asm_pic16.X\16LF19156.ASM



                              Symbols - Sorted by Address
                     Name    Address   Location    Storage File                     
                ---------  ---------  ---------  --------- ---------                
                    Delay   0x000004    program     static C:\Users\Haesh_MikoToniks\MPLABXProjects\btn_led_blink_delay_asm_pic16.X\16LF19156.ASM
         oneSecondDelay_0   0x000008    program     static C:\Users\Haesh_MikoToniks\MPLABXProjects\btn_led_blink_delay_asm_pic16.X\16LF19156.ASM
               _Main_0005   0x000009    program     static C:\Users\Haesh_MikoToniks\MPLABXProjects\btn_led_blink_delay_asm_pic16.X\16LF19156.ASM
               _Main_0008   0x00000c    program     static C:\Users\Haesh_MikoToniks\MPLABXProjects\btn_led_blink_delay_asm_pic16.X\16LF19156.ASM
             Delaycounter   0x00000f    program     static C:\Users\Haesh_MikoToniks\MPLABXProjects\btn_led_blink_delay_asm_pic16.X\16LF19156.ASM
                    START   0x000013    program     static C:\Users\Haesh_MikoToniks\MPLABXProjects\btn_led_blink_delay_asm_pic16.X\16LF19156.ASM
              checkSwitch   0x00001c    program     static C:\Users\Haesh_MikoToniks\MPLABXProjects\btn_led_blink_delay_asm_pic16.X\16LF19156.ASM
               startBlink   0x000020    program     static C:\Users\Haesh_MikoToniks\MPLABXProjects\btn_led_blink_delay_asm_pic16.X\16LF19156.ASM
                stopBlink   0x000029    program     static C:\Users\Haesh_MikoToniks\MPLABXProjects\btn_led_blink_delay_asm_pic16.X\16LF19156.ASM
                     REGA   0x000ca0       data     static C:\Users\Haesh_MikoToniks\MPLABXProjects\btn_led_blink_delay_asm_pic16.X\16LF19156.ASM
                     REGB   0x000ca1       data     static C:\Users\Haesh_MikoToniks\MPLABXProjects\btn_led_blink_delay_asm_pic16.X\16LF19156.ASM
                     REGC   0x000ca2       data     static C:\Users\Haesh_MikoToniks\MPLABXProjects\btn_led_blink_delay_asm_pic16.X\16LF19156.ASM


