MPLINK 5.09, LINKER
Linker Map File - Created Tue Jun 16 09:55:45 2020

                                 Section Info
                  Section       Type    Address   Location Size(Bytes)
                ---------  ---------  ---------  ---------  ---------
                   .org_0       code   0x000000    program   0x0000a6
                   .cinit    romdata   0x000053    program   0x000004
.config_8007_BUILD/DEFAULT/PRODUCTION/16F1915       code   0x008007    program   0x000002
.config_8008_BUILD/DEFAULT/PRODUCTION/16F1915       code   0x008008    program   0x000002
.config_8009_BUILD/DEFAULT/PRODUCTION/16F1915       code   0x008009    program   0x000002
.config_800A_BUILD/DEFAULT/PRODUCTION/16F1915       code   0x00800a    program   0x000002
.config_800B_BUILD/DEFAULT/PRODUCTION/16F1915       code   0x00800b    program   0x000002



                              Program Memory Usage 
                               Start         End      
                           ---------   ---------      
                            0x000000    0x000054      
                            0x008007    0x00800b      
            90 out of 16650 program addresses used, program memory utilization is 0%



                              Symbols - Sorted by Name
                     Name    Address   Location    Storage File                     
                ---------  ---------  ---------  --------- ---------                
                     DOWN   0x000033    program     static C:\Users\Haesh_MikoToniks\MPLABXProjects\pwm_pic16_asm.X\16F19156.ASM
                      PWM   0x00002b    program     static C:\Users\Haesh_MikoToniks\MPLABXProjects\pwm_pic16_asm.X\16F19156.ASM
                    START   0x000002    program     static C:\Users\Haesh_MikoToniks\MPLABXProjects\pwm_pic16_asm.X\16F19156.ASM
                       UP   0x00002c    program     static C:\Users\Haesh_MikoToniks\MPLABXProjects\pwm_pic16_asm.X\16F19156.ASM
                   Update   0x00003b    program     static C:\Users\Haesh_MikoToniks\MPLABXProjects\pwm_pic16_asm.X\16F19156.ASM
                     next   0x000028    program     static C:\Users\Haesh_MikoToniks\MPLABXProjects\pwm_pic16_asm.X\16F19156.ASM



                              Symbols - Sorted by Address
                     Name    Address   Location    Storage File                     
                ---------  ---------  ---------  --------- ---------                
                    START   0x000002    program     static C:\Users\Haesh_MikoToniks\MPLABXProjects\pwm_pic16_asm.X\16F19156.ASM
                     next   0x000028    program     static C:\Users\Haesh_MikoToniks\MPLABXProjects\pwm_pic16_asm.X\16F19156.ASM
                      PWM   0x00002b    program     static C:\Users\Haesh_MikoToniks\MPLABXProjects\pwm_pic16_asm.X\16F19156.ASM
                       UP   0x00002c    program     static C:\Users\Haesh_MikoToniks\MPLABXProjects\pwm_pic16_asm.X\16F19156.ASM
                     DOWN   0x000033    program     static C:\Users\Haesh_MikoToniks\MPLABXProjects\pwm_pic16_asm.X\16F19156.ASM
                   Update   0x00003b    program     static C:\Users\Haesh_MikoToniks\MPLABXProjects\pwm_pic16_asm.X\16F19156.ASM


