Microchip MPLAB XC8 Compiler V2.10 ()

Linker command line:

-W-3 --edf=C:\Program Files (x86)\Microchip\xc8\v2.10\pic\dat\en_msgs.txt \
  -cs -h+dist/default/production\Task_seduler_pic16.X.production.sym \
  --cmf=dist/default/production\Task_seduler_pic16.X.production.cmf -z \
  -Q16LF19156 -oC:\Users\HAESH_~1\AppData\Local\Temp\s5rc.2 \
  --defsym=__MPLAB_BUILD=1 \
  -Mdist/default/production/Task_seduler_pic16.X.production.map -E1 \
  -ver=XC8 --acfsm=1493 -ASTACK=0211Ah-027EFh -pstack=STACK \
  -ACODE=00h-07FFhx8 -ASTRCODE=00h-03FFFh -ASTRING=00h-0FFhx64 \
  -ACONST=00h-0FFhx64 -AENTRY=00h-0FFhx64 -ACOMMON=070h-07Fh \
  -ABANK0=020h-06Fh -ABANK1=0A0h-0EFh -ABANK2=0120h-016Fh \
  -ABANK3=01A0h-01EFh -ABANK4=0220h-026Fh -ABANK5=02A0h-02EFh \
  -ABANK6=0320h-036Fh -ABANK7=03A0h-03EFh -ABANK8=0420h-046Fh \
  -ABANK9=04A0h-04EFh -ABANK10=0520h-056Fh -ABANK11=05A0h-05EFh \
  -ABANK12=0620h-066Fh -ABANK13=06A0h-06EFh -ABANK14=0720h-076Fh \
  -ABANK15=07A0h-07EFh -ABANK16=0820h-086Fh -ABANK17=08A0h-08EFh \
  -ABANK18=0920h-096Fh -ABANK19=09A0h-09EFh -ABANK20=0A20h-0A6Fh \
  -ABANK21=0AA0h-0AEFh -ABANK22=0B20h-0B6Fh -ABANK23=0BA0h-0BEFh \
  -ABANK24=0C20h-0C6Fh -ABANK25=0CA0h-0CBFh -ABIGRAM=02000h-027EFh \
  -ARAM=020h-06Fh,0A0h-0EFh,0120h-016Fh,01A0h-01EFh,0220h-026Fh,02A0h-02EFh,0320h-036Fh,03A0h-03EFh,0420h-046Fh,04A0h-04EFh,0520h-056Fh,05A0h-05EFh,0620h-066Fh,06A0h-06EFh,0720h-076Fh,07A0h-07EFh,0820h-086Fh,08A0h-08EFh,0920h-096Fh,09A0h-09EFh,0A20h-0A6Fh,0AA0h-0AEFh,0B20h-0B6Fh,0BA0h-0BEFh,0C20h-0C6Fh,0CA0h-0CBFh \
  -AABS1=020h-07Fh,0A0h-0EFh,0120h-016Fh,01A0h-01EFh,0220h-026Fh,02A0h-02EFh,0320h-036Fh,03A0h-03EFh,0420h-046Fh,04A0h-04EFh,0520h-056Fh,05A0h-05EFh,0620h-066Fh,06A0h-06EFh,0720h-076Fh,07A0h-07EFh,0820h-086Fh,08A0h-08EFh,0920h-096Fh,09A0h-09EFh,0A20h-0A6Fh,0AA0h-0AEFh,0B20h-0B6Fh,0BA0h-0BEFh,0C20h-0C6Fh,0CA0h-0CBFh \
  -ASFR0=00h-01Fh -ASFR1=080h-09Fh -ASFR2=0100h-011Fh -ASFR3=0180h-019Fh \
  -ASFR4=0200h-021Fh -ASFR5=0280h-029Fh -ASFR6=0300h-031Fh \
  -ASFR7=0380h-039Fh -ASFR8=0400h-041Fh -ASFR9=0480h-049Fh \
  -ASFR10=0500h-051Fh -ASFR11=0580h-059Fh -ASFR12=0600h-061Fh \
  -ASFR13=0680h-069Fh -ASFR14=0700h-071Fh -ASFR15=0780h-079Fh \
  -ASFR16=0800h-081Fh -ASFR17=0880h-089Fh -ASFR18=0900h-091Fh \
  -ASFR19=0980h-099Fh -ASFR20=0A00h-0A1Fh -ASFR21=0A80h-0A9Fh \
  -ASFR22=0B00h-0B1Fh -ASFR23=0B80h-0B9Fh -ASFR24=0C00h-0C1Fh \
  -ASFR25=0C80h-0C9Fh -ASFR26=0D00h-0D6Fh -ASFR27=0D80h-0DEFh \
  -ASFR28=0E00h-0E6Fh -ASFR29=0E80h-0EEFh -ASFR30=0F00h-0F6Fh \
  -ASFR31=0F80h-0FEFh -ASFR32=01000h-0106Fh -ASFR33=01080h-010EFh \
  -ASFR34=01100h-0116Fh -ASFR35=01180h-011EFh -ASFR36=01200h-0126Fh \
  -ASFR37=01280h-012EFh -ASFR38=01300h-0136Fh -ASFR39=01380h-013EFh \
  -ASFR40=01400h-0146Fh -ASFR41=01480h-014EFh -ASFR42=01500h-0156Fh \
  -ASFR43=01580h-015EFh -ASFR44=01600h-0166Fh -ASFR45=01680h-016EFh \
  -ASFR46=01700h-0176Fh -ASFR47=01780h-017EFh -ASFR48=01800h-0186Fh \
  -ASFR49=01880h-018EFh -ASFR50=01900h-0196Fh -ASFR51=01980h-019EFh \
  -ASFR52=01A00h-01A6Fh -ASFR53=01A80h-01AEFh -ASFR54=01B00h-01B6Fh \
  -ASFR55=01B80h-01BEFh -ASFR56=01C00h-01C6Fh -ASFR57=01C80h-01CEFh \
  -ASFR58=01D00h-01D6Fh -ASFR59=01D80h-01DEFh -ASFR60=01E00h-01E6Fh \
  -ASFR61=01E80h-01EEFh -ASFR62=01F00h-01F6Fh -ASFR63=01F80h-01FEFh \
  -preset_vec=00h,intentry=04h,init,end_init -ppowerup=CODE -pcinit=CODE \
  -pfunctab=ENTRY -ACONFIG=08007h-0800Bh -pconfig=CONFIG -DCONFIG=2 \
  -AIDLOC=08000h-08003h -pidloc=IDLOC -DIDLOC=2 -AEEDATA=00h-0FFh/0F000h \
  -peeprom_data=EEDATA -DEEDATA=2 -DCODE=2 -DSTRCODE=2 -DSTRING=2 -DCONST=2 \
  -DENTRY=2 -k C:\Users\HAESH_~1\AppData\Local\Temp\s5rc.o \
  dist/default/production\Task_seduler_pic16.X.production.o 

Object code version is 3.11

Machine type is 16LF19156



                Name                               Link     Load   Length Selector   Space Scale
C:\Users\HAESH_~1\AppData\Local\Temp\s5rc.o
                end_init                             14       14        2        8       0
                reset_vec                             0        0        2        0       0
                config                             8007     8007        5    1000E       0
dist/default/production\Task_seduler_pic16.X.production.o
                cinit                                16       16       23        8       0
                intentry                              4        4       10        8       0
                text52                             1F7A     1F7A        A     3EF4       0
                text51                              7FF      7FF        1        8       0
                text50                             1FA3     1FA3        F     3F46       0
                text48                             1F5A     1F5A        6     3EB4       0
                text47                             1F60     1F60        6     3EC0       0
                text46                             1F66     1F66        6     3ECC       0
                text45                             1072     1072       22     20E4       0
                text44                             1F98     1F98        B     3F30       0
                text43                             10E0     10E0       2D     21C0       0
                text42                             1F72     1F72        8     3EE4       0
                text41                             1F6C     1F6C        6     3ED8       0
                text40                             1FC2     1FC2       14     3F84       0
                text39                             1FB2     1FB2       10     3F64       0
                text38                             1FD6     1FD6       15     3FAC       0
                text37                             11A0     11A0       3A     2340       0
                text36                             1F84     1F84        A     3F08       0
                text35                              935      935      101     126A       0
                text34                             1716     1716       EA     2E2C       0
                text33                             1024     1024       1A     2048       0
                text32                             1F8E     1F8E        A     3F1C       0
                text31                              801      801        6     1002       0
                text30                              807      807       3F     100E       0
                text29                             10B7     10B7       29     216E       0
                text28                             103E     103E       1A     207C       0
                text27                             1226     1226       59     244C       0
                text26                              CA1      CA1      170     1942       0
                text25                             1499     1499       84     2932       0
                text24                             13B3     13B3       71     2766       0
                text23                              846      846       EF     108C       0
                text22                              6D8      6D8      121        8       0
                text21                             113C     113C       31     2278       0
                text20                             100E     100E       16     201C       0
                text19                              A36      A36      10E     146C       0
                text18                             15BC     15BC       AD     2B78       0
                text17                             1000     1000        E     1C22       0
                text16                             12DE     12DE       67     25BC       0
                text15                             127F     127F       5F     24FE       0
                text14                             1058     1058       1A     20B0       0
                text13                             110D     110D       2F     221A       0
                text12                             116D     116D       33     22DA       0
                text11                              E11      E11      1EF     1C22       0
                text10                              290      290      238        8       0
                text9                               4C8      4C8      210        8       0
                text8                              1094     1094       23     2128       0
                text7                                39       39      257        8       0
                text6                              1424     1424       75     2848       0
                text5                              1669     1669       AD     2CD2       0
                text4                              11DA     11DA       4C     23B4       0
                text3                              151D     151D       9F     2A3A       0
                text2                              1345     1345       6E     268A       0
                text1                              1FEB     1FEB       15     3FD6       0
                maintext                            B44      B44      15D     1688       0
                cstackBANK0                          20       20       50       20       1
                cstackCOMMON                         70       70        E       70       1
                cstackBANK1                          A0       A0       4A       A0       1
                cstackBANK2                         161      161        9      120       1
                cstackBANK3                         1C0      1C0        6      1A0       1
                clrtext                             7F9      7F9        6        8       0
                bssBANK3                            1A0      1A0       20      1A0       1
                dataBANK2                           16A      16A        2      120       1
                bssBANK2                            120      120       35      120       1
                bssBANK1                             EA       EA        5       A0       1
                stringtext3                        1873     1873       2B     3000       0
                stringtext2                        183D     183D       36     3000       0
                stringtext1                        1800     1800       3D     3000       0
                nvBANK3                             1C6      1C6        4      1A0       1
                nvBANK2                             155      155        C      120       1
                idataBANK2                            2        2        2        0       0

TOTAL           Name                               Link     Load   Length     Space
        CLASS   STACK          

        CLASS   CODE           
                end_init                             14       14        2         0
                cinit                                16       16       23         0
                intentry                              4        4       10         0
                reset_vec                             0        0        2         0
                text52                             1F7A     1F7A        A         0
                text51                              7FF      7FF        1         0
                text50                             1FA3     1FA3        F         0
                text48                             1F5A     1F5A        6         0
                text47                             1F60     1F60        6         0
                text46                             1F66     1F66        6         0
                text45                             1072     1072       22         0
                text44                             1F98     1F98        B         0
                text43                             10E0     10E0       2D         0
                text42                             1F72     1F72        8         0
                text41                             1F6C     1F6C        6         0
                text40                             1FC2     1FC2       14         0
                text39                             1FB2     1FB2       10         0
                text38                             1FD6     1FD6       15         0
                text37                             11A0     11A0       3A         0
                text36                             1F84     1F84        A         0
                text35                              935      935      101         0
                text34                             1716     1716       EA         0
                text33                             1024     1024       1A         0
                text32                             1F8E     1F8E        A         0
                text31                              801      801        6         0
                text30                              807      807       3F         0
                text29                             10B7     10B7       29         0
                text28                             103E     103E       1A         0
                text27                             1226     1226       59         0
                text26                              CA1      CA1      170         0
                text25                             1499     1499       84         0
                text24                             13B3     13B3       71         0
                text23                              846      846       EF         0
                text22                              6D8      6D8      121         0
                text21                             113C     113C       31         0
                text20                             100E     100E       16         0
                text19                              A36      A36      10E         0
                text18                             15BC     15BC       AD         0
                text17                             1000     1000        E         0
                text16                             12DE     12DE       67         0
                text15                             127F     127F       5F         0
                text14                             1058     1058       1A         0
                text13                             110D     110D       2F         0
                text12                             116D     116D       33         0
                text11                              E11      E11      1EF         0
                text10                              290      290      238         0
                text9                               4C8      4C8      210         0
                text8                              1094     1094       23         0
                text7                                39       39      257         0
                text6                              1424     1424       75         0
                text5                              1669     1669       AD         0
                text4                              11DA     11DA       4C         0
                text3                              151D     151D       9F         0
                text2                              1345     1345       6E         0
                text1                              1FEB     1FEB       15         0
                maintext                            B44      B44      15D         0
                clrtext                             7F9      7F9        6         0
                idataBANK2                            2        2        2         0

        CLASS   STRCODE        
                stringtext3                        1873     1873       2B         0
                stringtext2                        183D     183D       36         0
                stringtext1                        1800     1800       3D         0

        CLASS   STRING         

        CLASS   CONST          

        CLASS   ENTRY          

        CLASS   COMMON         
                cstackCOMMON                         70       70        E         1

        CLASS   BANK0          
                cstackBANK0                          20       20       50         1

        CLASS   BANK1          
                cstackBANK1                          A0       A0       4A         1
                bssBANK1                             EA       EA        5         1

        CLASS   BANK2          
                cstackBANK2                         161      161        9         1
                dataBANK2                           16A      16A        2         1
                bssBANK2                            120      120       35         1
                nvBANK2                             155      155        C         1

        CLASS   BANK3          
                cstackBANK3                         1C0      1C0        6         1
                bssBANK3                            1A0      1A0       20         1
                nvBANK3                             1C6      1C6        4         1

        CLASS   BANK4          

        CLASS   BANK5          

        CLASS   BANK6          

        CLASS   BANK7          

        CLASS   BANK8          

        CLASS   BANK9          

        CLASS   BANK10         

        CLASS   BANK11         

        CLASS   BANK12         

        CLASS   BANK13         

        CLASS   BANK14         

        CLASS   BANK15         

        CLASS   BANK16         

        CLASS   BANK17         

        CLASS   BANK18         

        CLASS   BANK19         

        CLASS   BANK20         

        CLASS   BANK21         

        CLASS   BANK22         

        CLASS   BANK23         

        CLASS   BANK24         

        CLASS   BANK25         

        CLASS   BIGRAM         

        CLASS   RAM            

        CLASS   ABS1           
                abs_s1                               7E       7E        2         1

        CLASS   SFR0           

        CLASS   SFR1           

        CLASS   SFR2           

        CLASS   SFR3           

        CLASS   SFR4           

        CLASS   SFR5           

        CLASS   SFR6           

        CLASS   SFR7           

        CLASS   SFR8           

        CLASS   SFR9           

        CLASS   SFR10          

        CLASS   SFR11          

        CLASS   SFR12          

        CLASS   SFR13          

        CLASS   SFR14          

        CLASS   SFR15          

        CLASS   SFR16          

        CLASS   SFR17          

        CLASS   SFR18          

        CLASS   SFR19          

        CLASS   SFR20          

        CLASS   SFR21          

        CLASS   SFR22          

        CLASS   SFR23          

        CLASS   SFR24          

        CLASS   SFR25          

        CLASS   SFR26          

        CLASS   SFR27          

        CLASS   SFR28          

        CLASS   SFR29          

        CLASS   SFR30          

        CLASS   SFR31          

        CLASS   SFR32          

        CLASS   SFR33          

        CLASS   SFR34          

        CLASS   SFR35          

        CLASS   SFR36          

        CLASS   SFR37          

        CLASS   SFR38          

        CLASS   SFR39          

        CLASS   SFR40          

        CLASS   SFR41          

        CLASS   SFR42          

        CLASS   SFR43          

        CLASS   SFR44          

        CLASS   SFR45          

        CLASS   SFR46          

        CLASS   SFR47          

        CLASS   SFR48          

        CLASS   SFR49          

        CLASS   SFR50          

        CLASS   SFR51          

        CLASS   SFR52          

        CLASS   SFR53          

        CLASS   SFR54          

        CLASS   SFR55          

        CLASS   SFR56          

        CLASS   SFR57          

        CLASS   SFR58          

        CLASS   SFR59          

        CLASS   SFR60          

        CLASS   SFR61          

        CLASS   SFR62          

        CLASS   SFR63          

        CLASS   CONFIG         
                config                             8007     8007        5         0

        CLASS   IDLOC          

        CLASS   EEDATA         

        CLASS   BANK63         

        CLASS   BANK62         

        CLASS   BANK61         

        CLASS   BANK60         

        CLASS   BANK59         

        CLASS   BANK58         

        CLASS   BANK57         

        CLASS   BANK56         

        CLASS   BANK55         

        CLASS   BANK54         

        CLASS   BANK53         

        CLASS   BANK52         

        CLASS   BANK51         

        CLASS   BANK50         

        CLASS   BANK49         

        CLASS   BANK48         

        CLASS   BANK47         

        CLASS   BANK46         

        CLASS   BANK45         

        CLASS   BANK44         

        CLASS   BANK43         

        CLASS   BANK42         

        CLASS   BANK41         

        CLASS   BANK40         

        CLASS   BANK39         

        CLASS   BANK38         

        CLASS   BANK37         

        CLASS   BANK36         

        CLASS   BANK35         

        CLASS   BANK34         

        CLASS   BANK33         

        CLASS   BANK32         

        CLASS   BANK31         

        CLASS   BANK30         

        CLASS   BANK29         

        CLASS   BANK28         

        CLASS   BANK27         

        CLASS   BANK26         



SEGMENTS        Name                           Load    Length   Top    Selector   Space  Class     Delta

                reset_vec                      000000  000004  000004         0       0  CODE        2
                intentry                       000004  0007FC  000800         8       0  CODE        2
                cstackBANK0                    000020  000050  000070        20       1  BANK0       1
                cstackCOMMON                   000070  00000E  00007E        70       1  COMMON      1
                cstackBANK1                    0000A0  00004F  0000EF        A0       1  BANK1       1
                bssBANK2                       000120  00004C  00016C       120       1  BANK2       1
                bssBANK3                       0001A0  00002A  0001CA       1A0       1  BANK3       1
                text31                         000801  000006  000807      1002       0  CODE        2
                text30                         000807  00003F  000846      100E       0  CODE        2
                text23                         000846  0000EF  000935      108C       0  CODE        2
                text35                         000935  000101  000A36      126A       0  CODE        2
                text19                         000A36  00010E  000B44      146C       0  CODE        2
                maintext                       000B44  00015D  000CA1      1688       0  CODE        2
                text26                         000CA1  000170  000E11      1942       0  CODE        2
                text11                         000E11  0001FD  00100E      1C22       0  CODE        2
                text20                         00100E  000016  001024      201C       0  CODE        2
                text33                         001024  00001A  00103E      2048       0  CODE        2
                text28                         00103E  00001A  001058      207C       0  CODE        2
                text14                         001058  00001A  001072      20B0       0  CODE        2
                text45                         001072  000022  001094      20E4       0  CODE        2
                text8                          001094  000023  0010B7      2128       0  CODE        2
                text29                         0010B7  000029  0010E0      216E       0  CODE        2
                text43                         0010E0  00002D  00110D      21C0       0  CODE        2
                text13                         00110D  00002F  00113C      221A       0  CODE        2
                text21                         00113C  000031  00116D      2278       0  CODE        2
                text12                         00116D  000033  0011A0      22DA       0  CODE        2
                text37                         0011A0  00003A  0011DA      2340       0  CODE        2
                text4                          0011DA  00004C  001226      23B4       0  CODE        2
                text27                         001226  000059  00127F      244C       0  CODE        2
                text15                         00127F  00005F  0012DE      24FE       0  CODE        2
                text16                         0012DE  000067  001345      25BC       0  CODE        2
                text2                          001345  00006E  0013B3      268A       0  CODE        2
                text24                         0013B3  000071  001424      2766       0  CODE        2
                text6                          001424  000075  001499      2848       0  CODE        2
                text25                         001499  000084  00151D      2932       0  CODE        2
                text3                          00151D  00009F  0015BC      2A3A       0  CODE        2
                text18                         0015BC  0000AD  001669      2B78       0  CODE        2
                text5                          001669  0000AD  001716      2CD2       0  CODE        2
                text34                         001716  0000EA  001800      2E2C       0  CODE        2
                stringtext1                    001800  00009E  00189E      3000       0  STRCODE     2
                text48                         001F5A  000006  001F60      3EB4       0  CODE        2
                text47                         001F60  000006  001F66      3EC0       0  CODE        2
                text46                         001F66  000006  001F6C      3ECC       0  CODE        2
                text41                         001F6C  000006  001F72      3ED8       0  CODE        2
                text42                         001F72  000008  001F7A      3EE4       0  CODE        2
                text52                         001F7A  00000A  001F84      3EF4       0  CODE        2
                text36                         001F84  00000A  001F8E      3F08       0  CODE        2
                text32                         001F8E  00000A  001F98      3F1C       0  CODE        2
                text44                         001F98  00000B  001FA3      3F30       0  CODE        2
                text50                         001FA3  00000F  001FB2      3F46       0  CODE        2
                text39                         001FB2  000010  001FC2      3F64       0  CODE        2
                text40                         001FC2  000014  001FD6      3F84       0  CODE        2
                text38                         001FD6  000015  001FEB      3FAC       0  CODE        2
                text1                          001FEB  000015  002000      3FD6       0  CODE        2
                config                         008007  000005  00800C     1000E       0  CONFIG      2


UNUSED ADDRESS RANGES

        Name                Unused          Largest block    Delta
        BANK1            000EF-000EF               1           1
        BANK10           00520-0056F              50           1
        BANK11           005A0-005EF              50           1
        BANK12           00620-0066F              50           1
        BANK13           006A0-006EF              50           1
        BANK14           00720-0076F              50           1
        BANK15           007A0-007EF              50           1
        BANK16           00820-0086F              50           1
        BANK17           008A0-008EF              50           1
        BANK18           00920-0096F              50           1
        BANK19           009A0-009EF              50           1
        BANK2            0016C-0016F               4           1
        BANK20           00A20-00A6F              50           1
        BANK21           00AA0-00AEF              50           1
        BANK22           00B20-00B6F              50           1
        BANK23           00BA0-00BEF              50           1
        BANK24           00C20-00C6F              50           1
        BANK25           00CA0-00CBF              20           1
        BANK3            001CA-001EF              26           1
        BANK4            00220-0026F              50           1
        BANK5            002A0-002EF              50           1
        BANK6            00320-0036F              50           1
        BANK7            003A0-003EF              50           1
        BANK8            00420-0046F              50           1
        BANK9            004A0-004EF              50           1
        BIGRAM           02000-027EF             7F0           1
        CODE             00800-00800               1           2
                         0189E-01F59             6BC
                         02000-03FFF             800
        CONST            00800-00800               1           2
                         0189E-01F59             100
                         02000-03FFF             100
        EEDATA           0F000-0F0FF             100           2
        ENTRY            00800-00800               1           2
                         0189E-01F59             100
                         02000-03FFF             100
        IDLOC            08000-08003               4           2
        RAM              000EF-000EF               1           1
                         0016C-0016F               4
                         001CA-001EF              26
                         00220-0026F              50
                         002A0-002EF              50
                         00320-0036F              50
                         003A0-003EF              50
                         00420-0046F              50
                         004A0-004EF              50
                         00520-0056F              50
                         005A0-005EF              50
                         00620-0066F              50
                         006A0-006EF              50
                         00720-0076F              50
                         007A0-007EF              50
                         00820-0086F              50
                         008A0-008EF              50
                         00920-0096F              50
                         009A0-009EF              50
                         00A20-00A6F              50
                         00AA0-00AEF              50
                         00B20-00B6F              50
                         00BA0-00BEF              50
                         00C20-00C6F              50
                         00CA0-00CBF              20
        SFR0             00000-0001F              20           1
        SFR1             00080-0009F              20           1
        SFR10            00500-0051F              20           1
        SFR11            00580-0059F              20           1
        SFR12            00600-0061F              20           1
        SFR13            00680-0069F              20           1
        SFR14            00700-0071F              20           1
        SFR15            00780-0079F              20           1
        SFR16            00800-0081F              20           1
        SFR17            00880-0089F              20           1
        SFR18            00900-0091F              20           1
        SFR19            00980-0099F              20           1
        SFR2             00100-0011F              20           1
        SFR20            00A00-00A1F              20           1
        SFR21            00A80-00A9F              20           1
        SFR22            00B00-00B1F              20           1
        SFR23            00B80-00B9F              20           1
        SFR24            00C00-00C1F              20           1
        SFR25            00C80-00C9F              20           1
        SFR26            00D00-00D6F              70           1
        SFR27            00D80-00DEF              70           1
        SFR28            00E00-00E6F              70           1
        SFR29            00E80-00EEF              70           1
        SFR3             00180-0019F              20           1
        SFR30            00F00-00F6F              70           1
        SFR31            00F80-00FEF              70           1
        SFR32            01000-0106F              70           1
        SFR33            01080-010EF              70           1
        SFR34            01100-0116F              70           1
        SFR35            01180-011EF              70           1
        SFR36            01200-0126F              70           1
        SFR37            01280-012EF              70           1
        SFR38            01300-0136F              70           1
        SFR39            01380-013EF              70           1
        SFR4             00200-0021F              20           1
        SFR40            01400-0146F              70           1
        SFR41            01480-014EF              70           1
        SFR42            01500-0156F              70           1
        SFR43            01580-015EF              70           1
        SFR44            01600-0166F              70           1
        SFR45            01680-016EF              70           1
        SFR46            01700-0176F              70           1
        SFR47            01780-017EF              70           1
        SFR48            01800-0186F              70           1
        SFR49            01880-018EF              70           1
        SFR5             00280-0029F              20           1
        SFR50            01900-0196F              70           1
        SFR51            01980-019EF              70           1
        SFR52            01A00-01A6F              70           1
        SFR53            01A80-01AEF              70           1
        SFR54            01B00-01B6F              70           1
        SFR55            01B80-01BEF              70           1
        SFR56            01C00-01C6F              70           1
        SFR57            01C80-01CEF              70           1
        SFR58            01D00-01D6F              70           1
        SFR59            01D80-01DEF              70           1
        SFR6             00300-0031F              20           1
        SFR60            01E00-01E6F              70           1
        SFR61            01E80-01EEF              70           1
        SFR62            01F00-01F6F              70           1
        SFR63            01F80-01FEF              70           1
        SFR7             00380-0039F              20           1
        SFR8             00400-0041F              20           1
        SFR9             00480-0049F              20           1
        STACK            0211A-027EF             6D6           1
        STRCODE          00800-00800               1           2
                         0189E-01F59             6BC
                         02000-03FFF            2000
        STRING           00800-00800               1           2
                         0189E-01F59             100
                         02000-03FFF             100

                                  Symbol Table

?__Umul8_16                                     cstackCOMMON 00070
?___aodiv                                       cstackBANK0  00020
?___aomod                                       cstackBANK0  00020
?___awdiv                                       cstackCOMMON 00070
?___fladd                                       cstackBANK1  000AD
?___fldiv                                       cstackBANK0  00060
?___flmul                                       cstackBANK0  00046
?___fltol                                       cstackBANK1  000C1
?___lodiv                                       cstackBANK0  00020
?___lomod                                       cstackBANK0  00020
?___omul                                        cstackBANK0  00020
?___xxtofl                                      cstackBANK0  00038
?_abs                                           cstackCOMMON 00073
?_comparator                                    cstackBANK0  00020
?_dtoa                                          cstackBANK0  00030
?_millis                                        cstackCOMMON 00070
?_pad                                           cstackBANK0  00024
?_printf                                        cstackBANK1  000A0
?_rand                                          cstackCOMMON 00079
?_set_random_range                              cstackBANK1  000CA
?_strlen                                        cstackCOMMON 00070
?_utoa                                          cstackBANK0  00030
?_vfpfcnvrt                                     cstackBANK0  0004E
?_vfprintf                                      cstackBANK0  00066
EUSART1_SetErrorHandler@interruptHandler        cstackCOMMON 00070
EUSART1_SetFramingErrorHandler@interruptHandler cstackCOMMON 00070
EUSART1_SetOverrunErrorHandler@interruptHandler cstackCOMMON 00070
EUSART1_Write@txData                            cstackCOMMON 00070
TMR0_SetInterruptHandler@InterruptHandler       cstackCOMMON 00070
TaskManagerHandle@currentMillis                 cstackBANK1  000BB
TaskManagerHandle@i                             cstackBANK1  000BF
TaskManagerHandle@lastTaskTick                  bssBANK2     00120
_ACTCON                                         (abs)        00894
_ANSELA                                         (abs)        01F38
_ANSELB                                         (abs)        01F43
_ANSELC                                         (abs)        01F4E
_BAUD1CON                                       (abs)        0011F
_EUSART1_DefaultErrorHandler                    (abs)        00000
_EUSART1_DefaultFramingErrorHandler             (abs)        00000
_EUSART1_DefaultOverrunErrorHandler             (abs)        00000
_EUSART1_ErrorHandler                           nvBANK3      001C6
_EUSART1_FramingErrorHandler                    nvBANK2      00155
_EUSART1_Initialize                             text45       01072
_EUSART1_OverrunErrorHandler                    nvBANK3      001C8
_EUSART1_SetErrorHandler                        text48       01F5A
_EUSART1_SetFramingErrorHandler                 text47       01F60
_EUSART1_SetOverrunErrorHandler                 text46       01F66
_EUSART1_Write                                  text32       01F8E
_INLVLA                                         (abs)        01F3C
_INLVLB                                         (abs)        01F47
_INLVLC                                         (abs)        01F52
_INLVLE                                         (abs)        01F68
_INTCONbits                                     (abs)        0000B
_INTERRUPT_InterruptManager                     intentry     00004
_LATA                                           (abs)        00018
_LATB                                           (abs)        00019
_LATC                                           (abs)        0001A
_LATCbits                                       (abs)        0001A
_ODCONA                                         (abs)        01F3A
_ODCONB                                         (abs)        01F45
_ODCONC                                         (abs)        01F50
_OSCCON1                                        (abs)        0088D
_OSCCON3                                        (abs)        0088F
_OSCEN                                          (abs)        00891
_OSCFRQ                                         (abs)        00893
_OSCILLATOR_Initialize                          text44       01F98
_OSCSTAT                                        (abs)        00890
_OSCTUNE                                        (abs)        00892
_PIE0bits                                       (abs)        00716
_PIN_MANAGER_Initialize                         text43       010E0
_PIR0bits                                       (abs)        0070C
_PIR3bits                                       (abs)        0070F
_PMD0                                           (abs)        00796
_PMD1                                           (abs)        00797
_PMD2                                           (abs)        00798
_PMD3                                           (abs)        00799
_PMD4                                           (abs)        0079A
_PMD5                                           (abs)        0079B
_PMD_Initialize                                 text42       01F72
_RC1REG                                         (abs)        00119
_RC1STA                                         (abs)        0011D
_RC1STAbits                                     (abs)        0011D
_RC6PPS                                         (abs)        01F26
_RX1PPS                                         (abs)        01ECB
_SLRCONA                                        (abs)        01F3B
_SLRCONB                                        (abs)        01F46
_SLRCONC                                        (abs)        01F51
_SP1BRGH                                        (abs)        0011C
_SP1BRGL                                        (abs)        0011B
_SYSTEM_Initialize                              text39       01FB2
_T0CON0                                         (abs)        0059E
_T0CON0bits                                     (abs)        0059E
_T0CON1                                         (abs)        0059F
_TMR0H                                          (abs)        0059D
_TMR0L                                          (abs)        0059C
_TMR0_DefaultInterruptHandler                   text51       007FF
_TMR0_ISR                                       text50       01FA3
_TMR0_Initialize                                text40       01FC2
_TMR0_InterruptHandler                          nvBANK2      00157
_TMR0_SetInterruptHandler                       text41       01F6C
_TRISA                                          (abs)        00012
_TRISB                                          (abs)        00013
_TRISC                                          (abs)        00014
_TX1REG                                         (abs)        0011A
_TX1STA                                         (abs)        0011E
_TX1STAbits                                     (abs)        0011E
_TaskManager                                    bssBANK2     00131
_TaskManagerHandle                              text19       00A36
_TaskManagerInit                                text17       01000
_WPUA                                           (abs)        01F39
_WPUB                                           (abs)        01F44
_WPUC                                           (abs)        01F4F
_WPUE                                           (abs)        01F65
__CFG_BBEN$OFF                                  (abs)        00000
__CFG_BBSIZE$512                                (abs)        00000
__CFG_BOREN$ON                                  (abs)        00000
__CFG_BORV$LO                                   (abs)        00000
__CFG_CLKOUTEN$OFF                              (abs)        00000
__CFG_CP$OFF                                    (abs)        00000
__CFG_CSWEN$ON                                  (abs)        00000
__CFG_FCMEN$ON                                  (abs)        00000
__CFG_FEXTOSC$OFF                               (abs)        00000
__CFG_LCDPEN$ON                                 (abs)        00000
__CFG_LPBOREN$OFF                               (abs)        00000
__CFG_LVP$ON                                    (abs)        00000
__CFG_MCLRE$ON                                  (abs)        00000
__CFG_PPS1WAY$ON                                (abs)        00000
__CFG_PWRTE$OFF                                 (abs)        00000
__CFG_RSTOSC$HFINT1                             (abs)        00000
__CFG_SAFEN$OFF                                 (abs)        00000
__CFG_STVREN$ON                                 (abs)        00000
__CFG_VBATEN$OFF                                (abs)        00000
__CFG_WDTCCS$SC                                 (abs)        00000
__CFG_WDTCPS$WDTCPS_31                          (abs)        00000
__CFG_WDTCWS$WDTCWS_7                           (abs)        00000
__CFG_WDTE$OFF                                  (abs)        00000
__CFG_WRTAPP$OFF                                (abs)        00000
__CFG_WRTB$OFF                                  (abs)        00000
__CFG_WRTC$OFF                                  (abs)        00000
__CFG_WRTD$OFF                                  (abs)        00000
__CFG_WRTSAF$OFF                                (abs)        00000
__CFG_ZCD$OFF                                   (abs)        00000
__Habs1                                         abs1         00000
__Hbank0                                        bank0        00000
__Hbank1                                        bank1        00000
__Hbank10                                       bank10       00000
__Hbank11                                       bank11       00000
__Hbank12                                       bank12       00000
__Hbank13                                       bank13       00000
__Hbank14                                       bank14       00000
__Hbank15                                       bank15       00000
__Hbank16                                       bank16       00000
__Hbank17                                       bank17       00000
__Hbank18                                       bank18       00000
__Hbank19                                       bank19       00000
__Hbank2                                        bank2        00000
__Hbank20                                       bank20       00000
__Hbank21                                       bank21       00000
__Hbank22                                       bank22       00000
__Hbank23                                       bank23       00000
__Hbank24                                       bank24       00000
__Hbank25                                       bank25       00000
__Hbank26                                       bank26       00000
__Hbank27                                       bank27       00000
__Hbank28                                       bank28       00000
__Hbank29                                       bank29       00000
__Hbank3                                        bank3        00000
__Hbank30                                       bank30       00000
__Hbank31                                       bank31       00000
__Hbank32                                       bank32       00000
__Hbank33                                       bank33       00000
__Hbank34                                       bank34       00000
__Hbank35                                       bank35       00000
__Hbank36                                       bank36       00000
__Hbank37                                       bank37       00000
__Hbank38                                       bank38       00000
__Hbank39                                       bank39       00000
__Hbank4                                        bank4        00000
__Hbank40                                       bank40       00000
__Hbank41                                       bank41       00000
__Hbank42                                       bank42       00000
__Hbank43                                       bank43       00000
__Hbank44                                       bank44       00000
__Hbank45                                       bank45       00000
__Hbank46                                       bank46       00000
__Hbank47                                       bank47       00000
__Hbank48                                       bank48       00000
__Hbank49                                       bank49       00000
__Hbank5                                        bank5        00000
__Hbank50                                       bank50       00000
__Hbank51                                       bank51       00000
__Hbank52                                       bank52       00000
__Hbank53                                       bank53       00000
__Hbank54                                       bank54       00000
__Hbank55                                       bank55       00000
__Hbank56                                       bank56       00000
__Hbank57                                       bank57       00000
__Hbank58                                       bank58       00000
__Hbank59                                       bank59       00000
__Hbank6                                        bank6        00000
__Hbank60                                       bank60       00000
__Hbank61                                       bank61       00000
__Hbank62                                       bank62       00000
__Hbank63                                       bank63       00000
__Hbank7                                        bank7        00000
__Hbank8                                        bank8        00000
__Hbank9                                        bank9        00000
__Hbigram                                       bigram       00000
__HbssBANK1                                     bssBANK1     00000
__HbssBANK2                                     bssBANK2     00000
__HbssBANK3                                     bssBANK3     00000
__Hcinit                                        cinit        00039
__Hclrtext                                      clrtext      00000
__Hcode                                         code         00000
__Hcommon                                       common       00000
__Hconfig                                       config       0800C
__HcstackBANK0                                  cstackBANK0  00000
__HcstackBANK1                                  cstackBANK1  00000
__HcstackBANK2                                  cstackBANK2  00000
__HcstackBANK3                                  cstackBANK3  00000
__HcstackCOMMON                                 cstackCOMMON 00000
__HdataBANK2                                    dataBANK2    00000
__Heeprom_data                                  eeprom_data  00000
__Hend_init                                     end_init     00016
__Hfunctab                                      functab      00000
__HidataBANK2                                   idataBANK2   00000
__Hidloc                                        idloc        00000
__Hinit                                         init         00014
__Hintentry                                     intentry     00014
__Hmaintext                                     maintext     00000
__HnvBANK2                                      nvBANK2      00000
__HnvBANK3                                      nvBANK3      00000
__Hpowerup                                      powerup      00000
__Hram                                          ram          00000
__Hreset_vec                                    reset_vec    00002
__Hsfr0                                         sfr0         00000
__Hsfr1                                         sfr1         00000
__Hsfr10                                        sfr10        00000
__Hsfr11                                        sfr11        00000
__Hsfr12                                        sfr12        00000
__Hsfr13                                        sfr13        00000
__Hsfr14                                        sfr14        00000
__Hsfr15                                        sfr15        00000
__Hsfr16                                        sfr16        00000
__Hsfr17                                        sfr17        00000
__Hsfr18                                        sfr18        00000
__Hsfr19                                        sfr19        00000
__Hsfr2                                         sfr2         00000
__Hsfr20                                        sfr20        00000
__Hsfr21                                        sfr21        00000
__Hsfr22                                        sfr22        00000
__Hsfr23                                        sfr23        00000
__Hsfr24                                        sfr24        00000
__Hsfr25                                        sfr25        00000
__Hsfr26                                        sfr26        00000
__Hsfr27                                        sfr27        00000
__Hsfr28                                        sfr28        00000
__Hsfr29                                        sfr29        00000
__Hsfr3                                         sfr3         00000
__Hsfr30                                        sfr30        00000
__Hsfr31                                        sfr31        00000
__Hsfr32                                        sfr32        00000
__Hsfr33                                        sfr33        00000
__Hsfr34                                        sfr34        00000
__Hsfr35                                        sfr35        00000
__Hsfr36                                        sfr36        00000
__Hsfr37                                        sfr37        00000
__Hsfr38                                        sfr38        00000
__Hsfr39                                        sfr39        00000
__Hsfr4                                         sfr4         00000
__Hsfr40                                        sfr40        00000
__Hsfr41                                        sfr41        00000
__Hsfr42                                        sfr42        00000
__Hsfr43                                        sfr43        00000
__Hsfr44                                        sfr44        00000
__Hsfr45                                        sfr45        00000
__Hsfr46                                        sfr46        00000
__Hsfr47                                        sfr47        00000
__Hsfr48                                        sfr48        00000
__Hsfr49                                        sfr49        00000
__Hsfr5                                         sfr5         00000
__Hsfr50                                        sfr50        00000
__Hsfr51                                        sfr51        00000
__Hsfr52                                        sfr52        00000
__Hsfr53                                        sfr53        00000
__Hsfr54                                        sfr54        00000
__Hsfr55                                        sfr55        00000
__Hsfr56                                        sfr56        00000
__Hsfr57                                        sfr57        00000
__Hsfr58                                        sfr58        00000
__Hsfr59                                        sfr59        00000
__Hsfr6                                         sfr6         00000
__Hsfr60                                        sfr60        00000
__Hsfr61                                        sfr61        00000
__Hsfr62                                        sfr62        00000
__Hsfr63                                        sfr63        00000
__Hsfr7                                         sfr7         00000
__Hsfr8                                         sfr8         00000
__Hsfr9                                         sfr9         00000
__Hspace_0                                      (abs)        0800C
__Hspace_1                                      (abs)        001CA
__Hspace_2                                      (abs)        00000
__Hspace_3                                      (abs)        00000
__Hstack                                        stack        00000
__Hstrings                                      strings      00000
__Hstringtext1                                  stringtext1  00000
__Hstringtext2                                  stringtext2  00000
__Hstringtext3                                  stringtext3  00000
__Hstringtext4                                  stringtext4  00000
__Htext                                         text         00000
__Labs1                                         abs1         00000
__Lbank0                                        bank0        00000
__Lbank1                                        bank1        00000
__Lbank10                                       bank10       00000
__Lbank11                                       bank11       00000
__Lbank12                                       bank12       00000
__Lbank13                                       bank13       00000
__Lbank14                                       bank14       00000
__Lbank15                                       bank15       00000
__Lbank16                                       bank16       00000
__Lbank17                                       bank17       00000
__Lbank18                                       bank18       00000
__Lbank19                                       bank19       00000
__Lbank2                                        bank2        00000
__Lbank20                                       bank20       00000
__Lbank21                                       bank21       00000
__Lbank22                                       bank22       00000
__Lbank23                                       bank23       00000
__Lbank24                                       bank24       00000
__Lbank25                                       bank25       00000
__Lbank26                                       bank26       00000
__Lbank27                                       bank27       00000
__Lbank28                                       bank28       00000
__Lbank29                                       bank29       00000
__Lbank3                                        bank3        00000
__Lbank30                                       bank30       00000
__Lbank31                                       bank31       00000
__Lbank32                                       bank32       00000
__Lbank33                                       bank33       00000
__Lbank34                                       bank34       00000
__Lbank35                                       bank35       00000
__Lbank36                                       bank36       00000
__Lbank37                                       bank37       00000
__Lbank38                                       bank38       00000
__Lbank39                                       bank39       00000
__Lbank4                                        bank4        00000
__Lbank40                                       bank40       00000
__Lbank41                                       bank41       00000
__Lbank42                                       bank42       00000
__Lbank43                                       bank43       00000
__Lbank44                                       bank44       00000
__Lbank45                                       bank45       00000
__Lbank46                                       bank46       00000
__Lbank47                                       bank47       00000
__Lbank48                                       bank48       00000
__Lbank49                                       bank49       00000
__Lbank5                                        bank5        00000
__Lbank50                                       bank50       00000
__Lbank51                                       bank51       00000
__Lbank52                                       bank52       00000
__Lbank53                                       bank53       00000
__Lbank54                                       bank54       00000
__Lbank55                                       bank55       00000
__Lbank56                                       bank56       00000
__Lbank57                                       bank57       00000
__Lbank58                                       bank58       00000
__Lbank59                                       bank59       00000
__Lbank6                                        bank6        00000
__Lbank60                                       bank60       00000
__Lbank61                                       bank61       00000
__Lbank62                                       bank62       00000
__Lbank63                                       bank63       00000
__Lbank7                                        bank7        00000
__Lbank8                                        bank8        00000
__Lbank9                                        bank9        00000
__Lbigram                                       bigram       00000
__LbssBANK1                                     bssBANK1     00000
__LbssBANK2                                     bssBANK2     00000
__LbssBANK3                                     bssBANK3     00000
__Lcinit                                        cinit        00016
__Lclrtext                                      clrtext      00000
__Lcode                                         code         00000
__Lcommon                                       common       00000
__Lconfig                                       config       08007
__LcstackBANK0                                  cstackBANK0  00000
__LcstackBANK1                                  cstackBANK1  00000
__LcstackBANK2                                  cstackBANK2  00000
__LcstackBANK3                                  cstackBANK3  00000
__LcstackCOMMON                                 cstackCOMMON 00000
__LdataBANK2                                    dataBANK2    00000
__Leeprom_data                                  eeprom_data  00000
__Lend_init                                     end_init     00014
__Lfunctab                                      functab      00000
__LidataBANK2                                   idataBANK2   00000
__Lidloc                                        idloc        00000
__Linit                                         init         00014
__Lintentry                                     intentry     00004
__Lmaintext                                     maintext     00000
__LnvBANK2                                      nvBANK2      00000
__LnvBANK3                                      nvBANK3      00000
__Lpowerup                                      powerup      00000
__Lram                                          ram          00000
__Lreset_vec                                    reset_vec    00000
__Lsfr0                                         sfr0         00000
__Lsfr1                                         sfr1         00000
__Lsfr10                                        sfr10        00000
__Lsfr11                                        sfr11        00000
__Lsfr12                                        sfr12        00000
__Lsfr13                                        sfr13        00000
__Lsfr14                                        sfr14        00000
__Lsfr15                                        sfr15        00000
__Lsfr16                                        sfr16        00000
__Lsfr17                                        sfr17        00000
__Lsfr18                                        sfr18        00000
__Lsfr19                                        sfr19        00000
__Lsfr2                                         sfr2         00000
__Lsfr20                                        sfr20        00000
__Lsfr21                                        sfr21        00000
__Lsfr22                                        sfr22        00000
__Lsfr23                                        sfr23        00000
__Lsfr24                                        sfr24        00000
__Lsfr25                                        sfr25        00000
__Lsfr26                                        sfr26        00000
__Lsfr27                                        sfr27        00000
__Lsfr28                                        sfr28        00000
__Lsfr29                                        sfr29        00000
__Lsfr3                                         sfr3         00000
__Lsfr30                                        sfr30        00000
__Lsfr31                                        sfr31        00000
__Lsfr32                                        sfr32        00000
__Lsfr33                                        sfr33        00000
__Lsfr34                                        sfr34        00000
__Lsfr35                                        sfr35        00000
__Lsfr36                                        sfr36        00000
__Lsfr37                                        sfr37        00000
__Lsfr38                                        sfr38        00000
__Lsfr39                                        sfr39        00000
__Lsfr4                                         sfr4         00000
__Lsfr40                                        sfr40        00000
__Lsfr41                                        sfr41        00000
__Lsfr42                                        sfr42        00000
__Lsfr43                                        sfr43        00000
__Lsfr44                                        sfr44        00000
__Lsfr45                                        sfr45        00000
__Lsfr46                                        sfr46        00000
__Lsfr47                                        sfr47        00000
__Lsfr48                                        sfr48        00000
__Lsfr49                                        sfr49        00000
__Lsfr5                                         sfr5         00000
__Lsfr50                                        sfr50        00000
__Lsfr51                                        sfr51        00000
__Lsfr52                                        sfr52        00000
__Lsfr53                                        sfr53        00000
__Lsfr54                                        sfr54        00000
__Lsfr55                                        sfr55        00000
__Lsfr56                                        sfr56        00000
__Lsfr57                                        sfr57        00000
__Lsfr58                                        sfr58        00000
__Lsfr59                                        sfr59        00000
__Lsfr6                                         sfr6         00000
__Lsfr60                                        sfr60        00000
__Lsfr61                                        sfr61        00000
__Lsfr62                                        sfr62        00000
__Lsfr63                                        sfr63        00000
__Lsfr7                                         sfr7         00000
__Lsfr8                                         sfr8         00000
__Lsfr9                                         sfr9         00000
__Lspace_0                                      (abs)        00000
__Lspace_1                                      (abs)        00000
__Lspace_2                                      (abs)        00000
__Lspace_3                                      (abs)        00000
__Lstack                                        stack        00000
__Lstrings                                      strings      00000
__Lstringtext1                                  stringtext1  00000
__Lstringtext2                                  stringtext2  00000
__Lstringtext3                                  stringtext3  00000
__Lstringtext4                                  stringtext4  00000
__Ltext                                         text         00000
__S0                                            (abs)        0800C
__S1                                            (abs)        001CA
__S2                                            (abs)        00000
__S3                                            (abs)        00000
__Umul8_16                                      text8        01094
__Umul8_16@multiplicand                         cstackCOMMON 00070
__Umul8_16@multiplier                           cstackCOMMON 00078
__Umul8_16@product                              cstackCOMMON 00074
__Umul8_16@word_mpld                            cstackCOMMON 00076
___aodiv                                        text35       00935
___aodiv@counter                                cstackCOMMON 00071
___aodiv@dividend                               cstackBANK0  00028
___aodiv@divisor                                cstackBANK0  00020
___aodiv@quotient                               cstackCOMMON 00073
___aodiv@sign                                   cstackCOMMON 00072
___aomod                                        text34       01716
___aomod@counter                                cstackCOMMON 00071
___aomod@dividend                               cstackBANK0  00028
___aomod@divisor                                cstackBANK0  00020
___aomod@sign                                   cstackCOMMON 00072
___awdiv                                        text15       0127F
___awdiv@counter                                cstackCOMMON 00075
___awdiv@dividend                               cstackCOMMON 00072
___awdiv@divisor                                cstackCOMMON 00070
___awdiv@quotient                               cstackCOMMON 00077
___awdiv@sign                                   cstackCOMMON 00076
___bmul                                         text38       01FD6
___bmul@multiplicand                            cstackCOMMON 00079
___bmul@multiplier                              cstackCOMMON 0007C
___bmul@product                                 cstackCOMMON 0007B
___fladd                                        text10       00290
___fladd@a                                      cstackBANK1  000B1
___fladd@aexp                                   cstackBANK1  000BE
___fladd@b                                      cstackBANK1  000AD
___fladd@bexp                                   cstackBANK1  000BF
___fladd@grs                                    cstackBANK1  000C0
___fladd@signs                                  cstackBANK1  000BD
___fldiv                                        text9        004C8
___fldiv@a                                      cstackBANK0  00060
___fldiv@aexp                                   cstackBANK1  000AC
___fldiv@b                                      cstackBANK0  00064
___fldiv@bexp                                   cstackBANK1  000AB
___fldiv@grs                                    cstackBANK1  000A7
___fldiv@new_exp                                cstackBANK1  000A5
___fldiv@rem                                    cstackBANK1  000A0
___fldiv@sign                                   cstackBANK1  000A4
___flmul                                        text7        00039
___flmul@a                                      cstackBANK0  0004A
___flmul@aexp                                   cstackBANK0  00054
___flmul@b                                      cstackBANK0  00046
___flmul@bexp                                   cstackBANK0  00059
___flmul@grs                                    cstackBANK0  00055
___flmul@prod                                   cstackBANK0  0005A
___flmul@sign                                   cstackBANK0  00053
___flmul@temp                                   cstackBANK0  0005E
___fltol                                        text6        01424
___fltol@exp1                                   cstackCOMMON 0007C
___fltol@f1                                     cstackBANK1  000C1
___fltol@sign1                                  cstackCOMMON 0007B
___int_sp                                       stack        00000
___latbits                                      (abs)        00003
___lodiv                                        text25       01499
___lodiv@counter                                cstackCOMMON 00079
___lodiv@dividend                               cstackBANK0  00028
___lodiv@divisor                                cstackBANK0  00020
___lodiv@quotient                               cstackCOMMON 00071
___lomod                                        text24       013B3
___lomod@counter                                cstackCOMMON 00071
___lomod@dividend                               cstackBANK0  00028
___lomod@divisor                                cstackBANK0  00020
___omul                                         text4        011DA
___omul@multiplicand                            cstackBANK0  00028
___omul@multiplier                              cstackBANK0  00020
___omul@product                                 cstackCOMMON 00071
___sp                                           stack        00000
___stackhi                                      (abs)        027EF
___stacklo                                      (abs)        0211A
___xxtofl                                       text5        01669
___xxtofl@arg                                   cstackBANK0  00042
___xxtofl@exp                                   cstackBANK0  00041
___xxtofl@sign                                  cstackBANK0  00040
___xxtofl@val                                   cstackBANK0  00038
__end_of_EUSART1_Initialize                     text45       01094
__end_of_EUSART1_SetErrorHandler                text48       01F60
__end_of_EUSART1_SetFramingErrorHandler         text47       01F66
__end_of_EUSART1_SetOverrunErrorHandler         text46       01F6C
__end_of_EUSART1_Write                          text32       01F98
__end_of_INTERRUPT_InterruptManager             intentry     00014
__end_of_OSCILLATOR_Initialize                  text44       01FA3
__end_of_PIN_MANAGER_Initialize                 text43       0110D
__end_of_PMD_Initialize                         text42       01F7A
__end_of_SYSTEM_Initialize                      text39       01FC2
__end_of_TMR0_DefaultInterruptHandler           text51       00800
__end_of_TMR0_ISR                               text50       01FB2
__end_of_TMR0_Initialize                        text40       01FD6
__end_of_TMR0_SetInterruptHandler               text41       01F72
__end_of_TaskManagerHandle                      text19       00B44
__end_of_TaskManagerInit                        text17       0100E
__end_of__Umul8_16                              text8        010B7
__end_of___aodiv                                text35       00A36
__end_of___aomod                                text34       01800
__end_of___awdiv                                text15       012DE
__end_of___bmul                                 text38       01FEB
__end_of___fladd                                text10       004C8
__end_of___fldiv                                text9        006D8
__end_of___flmul                                text7        00290
__end_of___fltol                                text6        01499
__end_of___lodiv                                text25       0151D
__end_of___lomod                                text24       01424
__end_of___omul                                 text4        01226
__end_of___xxtofl                               text5        01716
__end_of__initialization                        cinit        00035
__end_of_abs                                    text33       0103E
__end_of_addTask                                text16       01345
__end_of_callback_fun                           text37       011DA
__end_of_comparator                             text14       01072
__end_of_dtoa                                   text26       00E11
__end_of_fputc                                  text30       00846
__end_of_fputs                                  text29       010E0
__end_of_main                                   maintext     00CA1
__end_of_memcpy                                 text13       0113C
__end_of_memset                                 text18       01669
__end_of_millis                                 text36       01F8E
__end_of_pad                                    text27       0127F
__end_of_printf                                 text20       01024
__end_of_putch                                  text31       00807
__end_of_qsort                                  text11       01000
__end_of_rand                                   text3        015BC
__end_of_set_random_range                       text2        013B3
__end_of_srand                                  text1        02000
__end_of_strlen                                 text28       01058
__end_of_swap                                   text12       011A0
__end_of_timer_callback                         text52       01F84
__end_of_utoa                                   text23       00935
__end_of_vfpfcnvrt                              text22       007F9
__end_of_vfprintf                               text21       0116D
__initialization                                cinit        00016
__pbssBANK1                                     bssBANK1     000EA
__pbssBANK2                                     bssBANK2     00120
__pbssBANK3                                     bssBANK3     001A0
__pcstackBANK0                                  cstackBANK0  00020
__pcstackBANK1                                  cstackBANK1  000A0
__pcstackBANK2                                  cstackBANK2  00161
__pcstackBANK3                                  cstackBANK3  001C0
__pcstackCOMMON                                 cstackCOMMON 00070
__pdataBANK2                                    dataBANK2    0016A
__pidataBANK2                                   idataBANK2   00002
__pintentry                                     intentry     00004
__pmaintext                                     maintext     00B44
__pnvBANK2                                      nvBANK2      00155
__pnvBANK3                                      nvBANK3      001C6
__pstringtext1                                  stringtext1  01800
__pstringtext2                                  stringtext2  0183D
__pstringtext3                                  stringtext3  01873
__pstringtext4                                  stringtext4  00000
__ptext1                                        text1        01FEB
__ptext10                                       text10       00290
__ptext11                                       text11       00E11
__ptext12                                       text12       0116D
__ptext13                                       text13       0110D
__ptext14                                       text14       01058
__ptext15                                       text15       0127F
__ptext16                                       text16       012DE
__ptext17                                       text17       01000
__ptext18                                       text18       015BC
__ptext19                                       text19       00A36
__ptext2                                        text2        01345
__ptext20                                       text20       0100E
__ptext21                                       text21       0113C
__ptext22                                       text22       006D8
__ptext23                                       text23       00846
__ptext24                                       text24       013B3
__ptext25                                       text25       01499
__ptext26                                       text26       00CA1
__ptext27                                       text27       01226
__ptext28                                       text28       0103E
__ptext29                                       text29       010B7
__ptext3                                        text3        0151D
__ptext30                                       text30       00807
__ptext31                                       text31       00801
__ptext32                                       text32       01F8E
__ptext33                                       text33       01024
__ptext34                                       text34       01716
[...]
 Defined at:
		line 170 in file "mcc_generated_files/eusart1.c"
 Parameters:    Size  Location     Type
  interruptHan    2    0[COMMON] PTR FTN()void 
		 -> EUSART1_DefaultOverrunErrorHandler(1), 
 Auto vars:     Size  Location     Type
		None
 Return value:  Size  Location     Type
                  1    wreg      void 
 Registers used:
		wreg
 Tracked objects:
		On entry : 
		On exit  : 
		Unchanged: 
 Data sizes:     COMMON   BANK0   BANK1   BANK2   BANK3   BANK4   BANK5   BANK6   BANK7   BANK8   BANK9  BANK10  BANK11  BANK12  BANK13  BANK14  BANK15  BANK16  BANK17  BANK18  BANK19  BANK20  BANK21  BANK22  BANK23  BANK24  BANK25
      Params:         2       0       0       0       0       0       0       0       0       0       0       0       0       0       0       0       0       0       0       0       0       0       0       0       0       0       0
      Locals:         0       0       0       0       0       0       0       0       0       0       0       0       0       0       0       0       0       0       0       0       0       0       0       0       0       0       0
      Temps:          0       0       0       0       0       0       0       0       0       0       0       0       0       0       0       0       0       0       0       0       0       0       0       0       0       0       0
      Totals:         2       0       0       0       0       0       0       0       0       0       0       0       0       0       0       0       0       0       0       0       0       0       0       0       0       0       0
Total ram usage:        2 bytes
 Hardware stack levels used:    1
 Hardware stack levels required when called:    3
 This function calls:
		Nothing
 This function is called by:
		_EUSART1_Initialize
 This function uses a non-reentrant model


 *************** function _EUSART1_SetFramingErrorHandler *****************
 Defined at:
		line 166 in file "mcc_generated_files/eusart1.c"
 Parameters:    Size  Location     Type
  interruptHan    2    0[COMMON] PTR FTN()void 
		 -> EUSART1_DefaultFramingErrorHandler(1), 
 Auto vars:     Size  Location     Type
		None
 Return value:  Size  Location     Type
                  1    wreg      void 
 Registers used:
		wreg
 Tracked objects:
		On entry : 
		On exit  : 
		Unchanged: 
 Data sizes:     COMMON   BANK0   BANK1   BANK2   BANK3   BANK4   BANK5   BANK6   BANK7   BANK8   BANK9  BANK10  BANK11  BANK12  BANK13  BANK14  BANK15  BANK16  BANK17  BANK18  BANK19  BANK20  BANK21  BANK22  BANK23  BANK24  BANK25
      Params:         2       0       0       0       0       0       0       0       0       0       0       0       0       0       0       0       0       0       0       0       0       0       0       0       0       0       0
      Locals:         0       0       0       0       0       0       0       0       0       0       0       0       0       0       0       0       0       0       0       0       0       0       0       0       0       0       0
      Temps:          0       0       0       0       0       0       0       0       0       0       0       0       0       0       0       0       0       0       0       0       0       0       0       0       0       0       0
      Totals:         2       0       0       0       0       0       0       0       0       0       0       0       0       0       0       0       0       0       0       0       0       0       0       0       0       0       0
Total ram usage:        2 bytes
 Hardware stack levels used:    1
 Hardware stack levels required when called:    3
 This function calls:
		Nothing
 This function is called by:
		_EUSART1_Initialize
 This function uses a non-reentrant model


 *************** function _EUSART1_SetErrorHandler *****************
 Defined at:
		line 174 in file "mcc_generated_files/eusart1.c"
 Parameters:    Size  Location     Type
  interruptHan    2    0[COMMON] PTR FTN()void 
		 -> EUSART1_DefaultErrorHandler(1), 
 Auto vars:     Size  Location     Type
		None
 Return value:  Size  Location     Type
                  1    wreg      void 
 Registers used:
		wreg
 Tracked objects:
		On entry : 
		On exit  : 
		Unchanged: 
 Data sizes:     COMMON   BANK0   BANK1   BANK2   BANK3   BANK4   BANK5   BANK6   BANK7   BANK8   BANK9  BANK10  BANK11  BANK12  BANK13  BANK14  BANK15  BANK16  BANK17  BANK18  BANK19  BANK20  BANK21  BANK22  BANK23  BANK24  BANK25
      Params:         2       0       0       0       0       0       0       0       0       0       0       0       0       0       0       0       0       0       0       0       0       0       0       0       0       0       0
      Locals:         0       0       0       0       0       0       0       0       0       0       0       0       0       0       0       0       0       0       0       0       0       0       0       0       0       0       0
      Temps:          0       0       0       0       0       0       0       0       0       0       0       0       0       0       0       0       0       0       0       0       0       0       0       0       0       0       0
      Totals:         2       0       0       0       0       0       0       0       0       0       0       0       0       0       0       0       0       0       0       0       0       0       0       0       0       0       0
Total ram usage:        2 bytes
 Hardware stack levels used:    1
 Hardware stack levels required when called:    3
 This function calls:
		Nothing
 This function is called by:
		_EUSART1_Initialize
 This function uses a non-reentrant model


 *************** function _INTERRUPT_InterruptManager *****************
 Defined at:
		line 52 in file "mcc_generated_files/interrupt_manager.c"
 Parameters:    Size  Location     Type
		None
 Auto vars:     Size  Location     Type
		None
 Return value:  Size  Location     Type
                  1    wreg      void 
 Registers used:
		wreg, status,2, status,0, pclath, cstack
 Tracked objects:
		On entry : 
		On exit  : 
		Unchanged: 
 Data sizes:     COMMON   BANK0   BANK1   BANK2   BANK3   BANK4   BANK5   BANK6   BANK7   BANK8   BANK9  BANK10  BANK11  BANK12  BANK13  BANK14  BANK15  BANK16  BANK17  BANK18  BANK19  BANK20  BANK21  BANK22  BANK23  BANK24  BANK25
      Params:         0       0       0       0       0       0       0       0       0       0       0       0       0       0       0       0       0       0       0       0       0       0       0       0       0       0       0
      Locals:         0       0       0       0       0       0       0       0       0       0       0       0       0       0       0       0       0       0       0       0       0       0       0       0       0       0       0
      Temps:          0       0       0       0       0       0       0       0       0       0       0       0       0       0       0       0       0       0       0       0       0       0       0       0       0       0       0
      Totals:         0       0       0       0       0       0       0       0       0       0       0       0       0       0       0       0       0       0       0       0       0       0       0       0       0       0       0
Total ram usage:        0 bytes
 Hardware stack levels used:    1
 Hardware stack levels required when called:    2
 This function calls:
		_TMR0_ISR
 This function is called by:
		Interrupt level 1
 This function uses a non-reentrant model


 *************** function _TMR0_ISR *****************
 Defined at:
		line 121 in file "mcc_generated_files/tmr0.c"
 Parameters:    Size  Location     Type
		None
 Auto vars:     Size  Location     Type
		None
 Return value:  Size  Location     Type
                  1    wreg      void 
 Registers used:
		wreg, status,2, status,0, pclath, cstack
 Tracked objects:
		On entry : 
		On exit  : 
		Unchanged: 
 Data sizes:     COMMON   BANK0   BANK1   BANK2   BANK3   BANK4   BANK5   BANK6   BANK7   BANK8   BANK9  BANK10  BANK11  BANK12  BANK13  BANK14  BANK15  BANK16  BANK17  BANK18  BANK19  BANK20  BANK21  BANK22  BANK23  BANK24  BANK25
      Params:         0       0       0       0       0       0       0       0       0       0       0       0       0       0       0       0       0       0       0       0       0       0       0       0       0       0       0
      Locals:         0       0       0       0       0       0       0       0       0       0       0       0       0       0       0       0       0       0       0       0       0       0       0       0       0       0       0
      Temps:          0       0       0       0       0       0       0       0       0       0       0       0       0       0       0       0       0       0       0       0       0       0       0       0       0       0       0
      Totals:         0       0       0       0       0       0       0       0       0       0       0       0       0       0       0       0       0       0       0       0       0       0       0       0       0       0       0
Total ram usage:        0 bytes
 Hardware stack levels used:    1
 Hardware stack levels required when called:    1
 This function calls:
		Absolute function
		_TMR0_DefaultInterruptHandler
		_timer_callback
 This function is called by:
		_INTERRUPT_InterruptManager
 This function uses a non-reentrant model


 *************** function _TMR0_DefaultInterruptHandler *****************
 Defined at:
		line 138 in file "mcc_generated_files/tmr0.c"
 Parameters:    Size  Location     Type
		None
 Auto vars:     Size  Location     Type
		None
 Return value:  Size  Location     Type
                  1    wreg      void 
 Registers used:
		None
 Tracked objects:
		On entry : 
		On exit  : 
		Unchanged: 
 Data sizes:     COMMON   BANK0   BANK1   BANK2   BANK3   BANK4   BANK5   BANK6   BANK7   BANK8   BANK9  BANK10  BANK11  BANK12  BANK13  BANK14  BANK15  BANK16  BANK17  BANK18  BANK19  BANK20  BANK21  BANK22  BANK23  BANK24  BANK25
      Params:         0       0       0       0       0       0       0       0       0       0       0       0       0       0       0       0       0       0       0       0       0       0       0       0       0       0       0
      Locals:         0       0       0       0       0       0       0       0       0       0       0       0       0       0       0       0       0       0       0       0       0       0       0       0       0       0       0
      Temps:          0       0       0       0       0       0       0       0       0       0       0       0       0       0       0       0       0       0       0       0       0       0       0       0       0       0       0
      Totals:         0       0       0       0       0       0       0       0       0       0       0       0       0       0       0       0       0       0       0       0       0       0       0       0       0       0       0
Total ram usage:        0 bytes
 Hardware stack levels used:    1
 This function calls:
		Nothing
 This function is called by:
		_TMR0_Initialize
		_TMR0_ISR
 This function uses a non-reentrant model


 *************** function _timer_callback *****************
 Defined at:
		line 71 in file "main.c"
 Parameters:    Size  Location     Type
		None
 Auto vars:     Size  Location     Type
		None
 Return value:  Size  Location     Type
                  1    wreg      void 
 Registers used:
		wreg
 Tracked objects:
		On entry : 
		On exit  : 
		Unchanged: 
 Data sizes:     COMMON   BANK0   BANK1   BANK2   BANK3   BANK4   BANK5   BANK6   BANK7   BANK8   BANK9  BANK10  BANK11  BANK12  BANK13  BANK14  BANK15  BANK16  BANK17  BANK18  BANK19  BANK20  BANK21  BANK22  BANK23  BANK24  BANK25
      Params:         0       0       0       0       0       0       0       0       0       0       0       0       0       0       0       0       0       0       0       0       0       0       0       0       0       0       0
      Locals:         0       0       0       0       0       0       0       0       0       0       0       0       0       0       0       0       0       0       0       0       0       0       0       0       0       0       0
      Temps:          0       0       0       0       0       0       0       0       0       0       0       0       0       0       0       0       0       0       0       0       0       0       0       0       0       0       0
      Totals:         0       0       0       0       0       0       0       0       0       0       0       0       0       0       0       0       0       0       0       0       0       0       0       0       0       0       0
Total ram usage:        0 bytes
 Hardware stack levels used:    1
 This function calls:
		Nothing
 This function is called by:
		_main
		_TMR0_ISR
 This function uses a non-reentrant model



MODULE INFORMATION

Module		Function		Class		Link	Load	Size
C:\Program Files (x86)\Microchip\xc8\v2.10\pic\sources\c99\common\rand.c
		_srand         		CODE           	1FEB	0000	22
		_rand          		CODE           	151D	0000	160

C:\Program Files (x86)\Microchip\xc8\v2.10\pic\sources\c99\common\rand.c estimated size: 182

C:\Program Files (x86)\Microchip\xc8\v2.10\pic\sources\c99\common\lodiv.c
		___lodiv       		CODE           	1499	0000	133

C:\Program Files (x86)\Microchip\xc8\v2.10\pic\sources\c99\common\lodiv.c estimated size: 133

C:\Program Files (x86)\Microchip\xc8\v2.10\pic\sources\c99\common\aodiv.c
		___aodiv       		CODE           	0935	0000	258

C:\Program Files (x86)\Microchip\xc8\v2.10\pic\sources\c99\common\aodiv.c estimated size: 258

C:\Program Files (x86)\Microchip\xc8\v2.10\pic\sources\c99\common\xxtofl.c
		___xxtofl      		CODE           	1669	0000	174

C:\Program Files (x86)\Microchip\xc8\v2.10\pic\sources\c99\common\xxtofl.c estimated size: 174

mcc_generated_files/interrupt_manager.c
		_INTERRUPT_InterruptManager		CODE           	0004	0000	17

mcc_generated_files/interrupt_manager.c estimated size: 17

C:\Program Files (x86)\Microchip\xc8\v2.10\pic\sources\c99\common\awdiv.c
		___awdiv       		CODE           	127F	0000	96

C:\Program Files (x86)\Microchip\xc8\v2.10\pic\sources\c99\common\awdiv.c estimated size: 96

C:\Program Files (x86)\Microchip\xc8\v2.10\pic\sources\c99\common\fltol.c
		___fltol       		CODE           	1424	0000	118

C:\Program Files (x86)\Microchip\xc8\v2.10\pic\sources\c99\common\fltol.c estimated size: 118

C:\Program Files (x86)\Microchip\xc8\v2.10\pic\sources\c99\common\strlen.c
		_strlen        		CODE           	103E	0000	27

C:\Program Files (x86)\Microchip\xc8\v2.10\pic\sources\c99\common\strlen.c estimated size: 27

mcc_generated_files/tmr0.c
		_TMR0_SetInterruptHandler		CODE           	1F6C	0000	7
		_TMR0_DefaultInterruptHandler		CODE           	07FF	0000	2
		_TMR0_ISR      		CODE           	1FA3	0000	16
		_TMR0_Initialize		CODE           	1FC2	0000	21

mcc_generated_files/tmr0.c estimated size: 46

C:\Program Files (x86)\Microchip\xc8\v2.10\pic\sources\c99\common\memset.c
		_memset        		CODE           	15BC	0000	174

C:\Program Files (x86)\Microchip\xc8\v2.10\pic\sources\c99\common\memset.c estimated size: 174

mcc_generated_files/pin_manager.c
		_PIN_MANAGER_Initialize		CODE           	10E0	0000	46

mcc_generated_files/pin_manager.c estimated size: 46

C:\Program Files (x86)\Microchip\xc8\v2.10\pic\sources\c99\common\sprcmul.c
		___flmul       		CODE           	0039	0000	600

C:\Program Files (x86)\Microchip\xc8\v2.10\pic\sources\c99\common\sprcmul.c estimated size: 600

C:\Program Files (x86)\Microchip\xc8\v2.10\pic\sources\c99\common\Umul8.c
		___bmul        		CODE           	1FD6	0000	22

C:\Program Files (x86)\Microchip\xc8\v2.10\pic\sources\c99\common\Umul8.c estimated size: 22

C:\Program Files (x86)\Microchip\xc8\v2.10\pic\sources\c99\common\sprcdiv.c
		___fldiv       		CODE           	04C8	0000	529

C:\Program Files (x86)\Microchip\xc8\v2.10\pic\sources\c99\common\sprcdiv.c estimated size: 529

C:\Program Files (x86)\Microchip\xc8\v2.10\pic\sources\c99\common\qsort.c
		_qsort         		CODE           	0E11	0000	496
		_swap          		CODE           	116D	0000	52

C:\Program Files (x86)\Microchip\xc8\v2.10\pic\sources\c99\common\qsort.c estimated size: 548

C:\Program Files (x86)\Microchip\xc8\v2.10\pic\sources\c99\common\doprnt.c
		_vfpfcnvrt     		CODE           	06D8	0000	290
		_pad           		CODE           	1226	0000	90
		_dtoa          		CODE           	0CA1	0000	369
		_vfprintf      		CODE           	113C	0000	50
		_utoa          		CODE           	0846	0000	240

C:\Program Files (x86)\Microchip\xc8\v2.10\pic\sources\c99\common\doprnt.c estimated size: 1039

C:\Program Files (x86)\Microchip\xc8\v2.10\pic\sources\c99\common\nf_fputs.c
		_fputs         		CODE           	10B7	0000	42

C:\Program Files (x86)\Microchip\xc8\v2.10\pic\sources\c99\common\nf_fputs.c estimated size: 42

shared
		__initialization		CODE           	0016	0000	32

shared estimated size: 32

mcc_generated_files/eusart1.c
		_EUSART1_Initialize		CODE           	1072	0000	35
		_putch         		CODE           	0801	0000	7
		_EUSART1_SetFramingErrorHandler		CODE           	1F60	0000	7
		_EUSART1_SetOverrunErrorHandler		CODE           	1F66	0000	7
		_EUSART1_SetErrorHandler		CODE           	1F5A	0000	7
		_EUSART1_Write 		CODE           	1F8E	0000	11

mcc_generated_files/eusart1.c estimated size: 74

mcc_generated_files/mcc.c
		_PMD_Initialize		CODE           	1F72	0000	9
		_OSCILLATOR_Initialize		CODE           	1F98	0000	12
		_SYSTEM_Initialize		CODE           	1FB2	0000	17

mcc_generated_files/mcc.c estimated size: 38

C:\Program Files (x86)\Microchip\xc8\v2.10\pic\sources\c99\common\memcpy.c
		_memcpy        		CODE           	110D	0000	48

C:\Program Files (x86)\Microchip\xc8\v2.10\pic\sources\c99\common\memcpy.c estimated size: 48

C:\Program Files (x86)\Microchip\xc8\v2.10\pic\sources\c99\common\lomod.c
		___lomod       		CODE           	13B3	0000	114

C:\Program Files (x86)\Microchip\xc8\v2.10\pic\sources\c99\common\lomod.c estimated size: 114

C:\Program Files (x86)\Microchip\xc8\v2.10\pic\sources\c99\common\sprcadd.c
		___fladd       		CODE           	0290	0000	569

C:\Program Files (x86)\Microchip\xc8\v2.10\pic\sources\c99\common\sprcadd.c estimated size: 569

C:\Program Files (x86)\Microchip\xc8\v2.10\pic\sources\c99\common\aomod.c
		___aomod       		CODE           	1716	0000	235

C:\Program Files (x86)\Microchip\xc8\v2.10\pic\sources\c99\common\aomod.c estimated size: 235

C:\Program Files (x86)\Microchip\xc8\v2.10\pic\sources\c99\common\abs.c
		_abs           		CODE           	1024	0000	27

C:\Program Files (x86)\Microchip\xc8\v2.10\pic\sources\c99\common\abs.c estimated size: 27

C:\Program Files (x86)\Microchip\xc8\v2.10\pic\sources\c99\common\Umul64.c
		___omul        		CODE           	11DA	0000	77

C:\Program Files (x86)\Microchip\xc8\v2.10\pic\sources\c99\common\Umul64.c estimated size: 77

C:\Program Files (x86)\Microchip\xc8\v2.10\pic\sources\c99\common\Umul8_16.c
		__Umul8_16     		CODE           	1094	0000	36

C:\Program Files (x86)\Microchip\xc8\v2.10\pic\sources\c99\common\Umul8_16.c estimated size: 36

main.c
		_millis        		CODE           	1F84	0000	11
		_TaskManagerInit		CODE           	1000	0000	15
		_main          		CODE           	0B44	0000	350
		_set_random_range		CODE           	1345	0000	111
		_comparator    		CODE           	1058	0000	27
		_callback_fun  		CODE           	11A0	0000	59
		_timer_callback		CODE           	1F7A	0000	11
		_addTask       		CODE           	12DE	0000	104
		_TaskManagerHandle		CODE           	0A36	0000	271

main.c estimated size: 959

C:\Program Files (x86)\Microchip\xc8\v2.10\pic\sources\c99\common\printf.c
		_printf        		CODE           	100E	0000	23

C:\Program Files (x86)\Microchip\xc8\v2.10\pic\sources\c99\common\printf.c estimated size: 23

C:\Program Files (x86)\Microchip\xc8\v2.10\pic\sources\c99\common\nf_fputc.c
		_fputc         		CODE           	0807	0000	64

C:\Program Files (x86)\Microchip\xc8\v2.10\pic\sources\c99\common\nf_fputc.c estimated size: 64

