Microchip MPLAB XC8 Compiler V2.05 ()

Linker command line:

-W-3 --edf=C:\Program Files (x86)\Microchip\xc8\v2.05\pic\dat\en_msgs.txt \
  -pivt0x8=08h -cs -h+dist/default/production\BTZGDRrv.X.production.sym \
  --cmf=dist/default/production\BTZGDRrv.X.production.cmf -z -Q18F27K42 \
  -oC:\Users\MIKROT~1\AppData\Local\Temp\s8ec.2 --defsym=__MPLAB_BUILD=1 \
  -Mdist/default/production/BTZGDRrv.X.production.map -E1 -ver=XC8 \
  --acfsm=1493 -ASTACK=044Ah-01FFFh -pstack=STACK -ACODE=00h-01FFFFh \
  -ACONST=00h-01FFFFh -ASMALLCONST=02000h-020FFhx480 \
  -AMEDIUMCONST=02000h-0FFFFh,012000h-01FFFFh -ACOMRAM=01h-05Fh \
  -AABS1=00h-01FFFh -ABIGRAM=01h-01FFFh -ARAM=060h-0FFh,0100h-01FFhx31 \
  -ABANK0=060h-0FFh -ABANK1=0100h-01FFh -ABANK2=0200h-02FFh \
  -ABANK3=0300h-03FFh -ABANK4=0400h-04FFh -ABANK5=0500h-05FFh \
  -ABANK6=0600h-06FFh -ABANK7=0700h-07FFh -ABANK8=0800h-08FFh \
  -ABANK9=0900h-09FFh -ABANK10=0A00h-0AFFh -ABANK11=0B00h-0BFFh \
  -ABANK12=0C00h-0CFFh -ABANK13=0D00h-0DFFh -ABANK14=0E00h-0EFFh \
  -ABANK15=0F00h-0FFFh -ABANK16=01000h-010FFh -ABANK17=01100h-011FFh \
  -ABANK18=01200h-012FFh -ABANK19=01300h-013FFh -ABANK20=01400h-014FFh \
  -ABANK21=01500h-015FFh -ABANK22=01600h-016FFh -ABANK23=01700h-017FFh \
  -ABANK24=01800h-018FFh -ABANK25=01900h-019FFh -ABANK26=01A00h-01AFFh \
  -ABANK27=01B00h-01BFFh -ABANK28=01C00h-01CFFh -ABANK29=01D00h-01DFFh \
  -ABANK30=01E00h-01EFFh -ABANK31=01F00h-01FFFh \
  -ASFR=03800h-038FFhx7,03F00h-03F5Fh,03F60h-03FFFh -preset_vec=00h \
  -ppowerup=CODE,init -pramtop=02000h -psmallconst=SMALLCONST \
  -pmediumconst=MEDIUMCONST -pconst=CONST -AFARRAM=00h-00h \
  -ACONFIG=0300000h-0300009h -pconfig=CONFIG -AIDLOC=0200000h-020000Fh \
  -pidloc=IDLOC -AEEDATA=0310000h-03103FFh -peeprom_data=EEDATA \
  -prdata=COMRAM,nvrram=COMRAM,nvbit=COMRAM,rbss=COMRAM,rbit=COMRAM \
  -pfarbss=FARRAM,fardata=FARRAM,nvFARRAM=FARRAM \
  -pintsave_regs=BIGRAM,bigbss=BIGRAM,bigdata=BIGRAM -pbss=RAM \
  -pidata=CODE,irdata=CODE,ibigdata=CODE,ifardata=CODE -prparam=COMRAM \
  C:\Users\MIKROT~1\AppData\Local\Temp\s8ec.o \
  dist/default/production\BTZGDRrv.X.production.o 

Object code version is 3.11

Machine type is 18F27K42

Call graph: (short form)




                Name                               Link     Load   Length Selector   Space Scale
C:\Users\MIKROT~1\AppData\Local\Temp\s8ec.o
                init                                 1A       1A        4        4       0
                reset_vec                             0        0        4        0       0
                idloc                            200000   200000       10   200000       0
                config                           300000   300000        A   300000       0
dist/default/production\BTZGDRrv.X.production.o
                mediumconst                        F5E2     F5E2      A1E     7AF1       0
                ivt0x8                                8        8       12        4       0
                text164                           17530    17530       1A     8000       0
                text163                           15F96    15F96       92     8000       0
                text162                           16BF4    16BF4       48     8000       0
                text161                           1719E    1719E       30     8000       0
                text160                           165DA    165DA       6A     8000       0
                text159                           17646    17646        E     8000       0
                text158                           16778    16778       66     8000       0
                text157                           17584    17584       12     8000       0
                text156                           17516    17516       1A     8000       0
                text155                           174FC    174FC       1A     8000       0
                text154                           15D32    15D32       9E     8000       0
                text153                           17716    17716        6     8000       0
                text152                           16712    16712       66     8000       0
                text151                           16CC4    16CC4       40     8000       0
                text150                           1642A    1642A       6E     8000       0
                text149                           1485E    1485E      1C6     8000       0
                text148                           16A64    16A64       56     8000       0
                text147                           1523C    1523C      118     8000       0
                text146                           16140    16140       88     8000       0
                text145                           15C94    15C94       9E     8000       0
                text144                           160B8    160B8       88     8000       0
                text143                           16BAC    16BAC       48     8000       0
                text142                           14E66    14E66      154     8000       0
                text141                           173CC    173CC       20     8000       0
                text140                           16A0E    16A0E       56     8000       0
                text139                           174E2    174E2       1A     8000       0
                text138                           16FD4    16FD4       36     8000       0
                text137                           15F02    15F02       94     8000       0
                text136                           1772C    1772C        4     8000       0
                text135                           17710    17710        6     8000       0
                text134                           176C6    176C6        8     8000       0
                text133                           17660    17660        C     8000       0
                text132                           17428    17428       1E     8000       0
                text131                           17342    17342       24     8000       0
                text130                           1770A    1770A        6     8000       0
                text129                           17704    17704        6     8000       0
                text128                           176FE    176FE        6     8000       0
                text127                           17638    17638        E     8000       0
                text126                           1762A    1762A        E     8000       0
                text125                           1761C    1761C        E     8000       0
                text124                           1716E    1716E       30     8000       0
                text123                           17728    17728        4     8000       0
                text122                           17724    17724        4     8000       0
                text121                           17694    17694        A     8000       0
                text120                           176F8    176F8        6     8000       0
                text119                           176F2    176F2        6     8000       0
                text118                           1768A    1768A        A     8000       0
                text117                           17680    17680        A     8000       0
                text116                           176EC    176EC        6     8000       0
                text115                           1760E    1760E        E     8000       0
                text114                           176E6    176E6        6     8000       0
                text113                           176E0    176E0        6     8000       0
                text112                           176DA    176DA        6     8000       0
                text111                           176D4    176D4        6     8000       0
                text110                           17600    17600        E     8000       0
                text109                           175F2    175F2        E     8000       0
                text108                           176BE    176BE        8     8000       0
                text107                           17654    17654        C     8000       0
                text106                           173AA    173AA       22     8000       0
                text105                           1754A    1754A       16     8000       0
                text104                           1563C    1563C       E2     8000       0
                text103                           162C8    162C8       7C     8000       0
                text102                           16644    16644       68     8000       0
                text101                           1624A    1624A       7E     8000       0
                text100                           175E4    175E4        E     8000       0
                text99                            17720    17720        4     8000       0
                text98                            1771C    1771C        4     8000       0
                text97                            1740A    1740A       1E     8000       0
                text96                            176B6    176B6        8     8000       0
                text95                            175D6    175D6        E     8000       0
                text94                            176AE    176AE        8     8000       0
                text93                            175C6    175C6       10     8000       0
                text92                            1695C    1695C       5C     8000       0
                text91                            167DE    167DE       62     8000       0
                text90                            175B6    175B6       10     8000       0
                text89                            16900    16900       5C     8000       0
                text88                            174C8    174C8       1A     8000       0
                text87                            17572    17572       12     8000       0
                text86                            16EEA    16EEA       3C     8000       0
                text85                            176A6    176A6        8     8000       0
                text84                            1731E    1731E       24     8000       0
                text83                            15DD0    15DD0       9C     8000       0
                text82                            161C8    161C8       82     8000       0
                text81                            172F8    172F8       26     8000       0
                text80                            17388    17388       22     8000       0
                text79                            16B0C    16B0C       52     8000       0
                text78                            169B8    169B8       56     8000       0
                text77                            1545C    1545C       FA     8000       0
                text76                            16EAE    16EAE       3C     8000       0
                text75                            15E6C    15E6C       96     8000       0
                text74                            158D6    158D6       D2     8000       0
                text73                            171CE    171CE       2E     8000       0
                text72                            16B5E    16B5E       4E     8000       0
                text71                            14B9E    14B9E      170     8000       0
                text70                            14478    14478      214     8000       0
                text69                            172AA    172AA       28     8000       0
                text68                            17366    17366       22     8000       0
                text67                            170A6    170A6       34     8000       0
                text66                            16C80    16C80       44     8000       0
                text65                            14A24    14A24      17A     8000       0
                text64                            14D0E    14D0E      158     8000       0
                text63                            15108    15108      134     8000       0
                text62                            16D80    16D80       3E     8000       0
                text61                            175A6    175A6       10     8000       0
                text60                            17676    17676        A     8000       0
                text59                            16504    16504       6C     8000       0
                text58                            16D42    16D42       3E     8000       0
                text57                            1710C    1710C       32     8000       0
                text56                            15B34    15B34       B2     8000       0
                text55                            138A8    138A8      2B2     8000       0
                text54                            15556    15556       E6     8000       0
                text53                            1571E    1571E       DE     8000       0
                text52                            15A76    15A76       BE     8000       0
                text51                            1425E    1425E      21A     8000       0
                text50                            17072    17072       34     8000       0
                text49                            1703E    1703E       34     8000       0
                text48                            1700A    1700A       34     8000       0
                text47                            16ABA    16ABA       52     8000       0
                text46                            13B5A    13B5A      286     8000       0
                text45                            12672    12672      97E     8000       0
                text44                            16344    16344       76     8000       0
                text43                            17254    17254       2C     8000       0
                text42                            174AE    174AE       1A     8000       0
                text41                            16F9A    16F9A       3A     8000       0
                text40                            135C6    135C6      2E2     8000       0
                text39                            17560    17560       12     8000       0
                text38                            17228    17228       2C     8000       0
                text37                            15354    15354      108     8000       0
                text36                            1468C    1468C      1D2     8000       0
                text35                            171FC    171FC       2C     8000       0
                text34                            16028    16028       90     8000       0
                text33                            13DE0    13DE0      24E     8000       0
                text32                            12FF0    12FF0      5D6     8000       0
                text31                            172D2    172D2       26     8000       0
                text30                            173EC    173EC       1E     8000       0
                text29                            176CE    176CE        6     8000       0
                text28                            17494    17494       1A     8000       0
                text27                            1747A    1747A       1A     8000       0
                text26                            16D04    16D04       3E     8000       0
                text25                            168A0    168A0       60     8000       0
                text24                            170DA    170DA       32     8000       0
                text23                            16E72    16E72       3C     8000       0
                text22                            16E36    16E36       3C     8000       0
                text21                            17596    17596       10     8000       0
                text20                            163BA    163BA       70     8000       0
                text19                            17280    17280       2A     8000       0
                text18                            16F60    16F60       3A     8000       0
                text17                            159A8    159A8       CE     8000       0
                text16                            16498    16498       6C     8000       0
                text15                            16C3C    16C3C       44     8000       0
                text14                            166AC    166AC       66     8000       0
                text13                            1713E    1713E       30     8000       0
                text12                            16570    16570       6A     8000       0
                text11                            1766C    1766C        A     8000       0
                text10                            1769E    1769E        8     8000       0
                text9                             16F26    16F26       3A     8000       0
                text8                             157FC    157FC       DA     8000       0
                text7                             1402E    1402E      230     8000       0
                text6                             16840    16840       60     8000       0
                text5                             17460    17460       1A     8000       0
                text4                             17446    17446       1A     8000       0
                text3                             14FBA    14FBA      14E     8000       0
                text2                             16DFA    16DFA       3C     8000       0
                text1                             16DBE    16DBE       3C     8000       0
                text0                             10000    10000     2672     8000       0
                cstackCOMRAM                          1        1       3D        1       1
                cstackBANK0                          60       60       99       60       1
                cstackBANK1                         100      100       CB      100       1
                bssBANK4                            400      400       4A      400       1
                bssBANK3                            300      300       C7      300       1
                dataBANK2                           2E7      2E7        2      200       1
                bssBANK2                            200      200       E7      200       1
                dataBANK1                           1FE      1FE        2      100       1
                bssBANK1                            1CB      1CB       31      100       1
                bssBANK0                             F9       F9        5       60       1
                dataCOMRAM                           4D       4D        2        1       1
                bssCOMRAM                            3E       3E        F        1       1
                cinit                             15BE6    15BE6       AE     8000       0
                nvBANK2                             2E9      2E9        1      200       1
                nvBANK1                             1FC      1FC        2      100       1
                idataBANK2                        17734    17734        2     8000       0
                idataBANK1                        17732    17732        2     8000       0
                idataCOMRAM                       17730    17730        2     8000       0

TOTAL           Name                               Link     Load   Length     Space
        CLASS   STACK          

        CLASS   CODE           
                init                                 1A       1A        4         0
                reset_vec                             0        0        4         0
                ivt0x8                                8        8       12         0
                text164                           17530    17530       1A         0
                text163                           15F96    15F96       92         0
                text162                           16BF4    16BF4       48         0
                text161                           1719E    1719E       30         0
                text160                           165DA    165DA       6A         0
                text159                           17646    17646        E         0
                text158                           16778    16778       66         0
                text157                           17584    17584       12         0
                text156                           17516    17516       1A         0
                text155                           174FC    174FC       1A         0
                text154                           15D32    15D32       9E         0
                text153                           17716    17716        6         0
                text152                           16712    16712       66         0
                text151                           16CC4    16CC4       40         0
                text150                           1642A    1642A       6E         0
                text149                           1485E    1485E      1C6         0
                text148                           16A64    16A64       56         0
                text147                           1523C    1523C      118         0
                text146                           16140    16140       88         0
                text145                           15C94    15C94       9E         0
                text144                           160B8    160B8       88         0
                text143                           16BAC    16BAC       48         0
                text142                           14E66    14E66      154         0
                text141                           173CC    173CC       20         0
                text140                           16A0E    16A0E       56         0
                text139                           174E2    174E2       1A         0
                text138                           16FD4    16FD4       36         0
                text137                           15F02    15F02       94         0
                text136                           1772C    1772C        4         0
                text135                           17710    17710        6         0
                text134                           176C6    176C6        8         0
                text133                           17660    17660        C         0
                text132                           17428    17428       1E         0
                text131                           17342    17342       24         0
                text130                           1770A    1770A        6         0
                text129                           17704    17704        6         0
                text128                           176FE    176FE        6         0
                text127                           17638    17638        E         0
                text126                           1762A    1762A        E         0
                text125                           1761C    1761C        E         0
                text124                           1716E    1716E       30         0
                text123                           17728    17728        4         0
                text122                           17724    17724        4         0
                text121                           17694    17694        A         0
                text120                           176F8    176F8        6         0
                text119                           176F2    176F2        6         0
                text118                           1768A    1768A        A         0
                text117                           17680    17680        A         0
                text116                           176EC    176EC        6         0
                text115                           1760E    1760E        E         0
                text114                           176E6    176E6        6         0
                text113                           176E0    176E0        6         0
                text112                           176DA    176DA        6         0
                text111                           176D4    176D4        6         0
                text110                           17600    17600        E         0
                text109                           175F2    175F2        E         0
                text108                           176BE    176BE        8         0
                text107                           17654    17654        C         0
                text106                           173AA    173AA       22         0
                text105                           1754A    1754A       16         0
                text104                           1563C    1563C       E2         0
                text103                           162C8    162C8       7C         0
                text102                           16644    16644       68         0
                text101                           1624A    1624A       7E         0
                text100                           175E4    175E4        E         0
                text99                            17720    17720        4         0
                text98                            1771C    1771C        4         0
                text97                            1740A    1740A       1E         0
                text96                            176B6    176B6        8         0
                text95                            175D6    175D6        E         0
                text94                            176AE    176AE        8         0
                text93                            175C6    175C6       10         0
                text92                            1695C    1695C       5C         0
                text91                            167DE    167DE       62         0
                text90                            175B6    175B6       10         0
                text89                            16900    16900       5C         0
                text88                            174C8    174C8       1A         0
                text87                            17572    17572       12         0
                text86                            16EEA    16EEA       3C         0
                text85                            176A6    176A6        8         0
                text84                            1731E    1731E       24         0
                text83                            15DD0    15DD0       9C         0
                text82                            161C8    161C8       82         0
                text81                            172F8    172F8       26         0
                text80                            17388    17388       22         0
                text79                            16B0C    16B0C       52         0
                text78                            169B8    169B8       56         0
                text77                            1545C    1545C       FA         0
                text76                            16EAE    16EAE       3C         0
                text75                            15E6C    15E6C       96         0
                text74                            158D6    158D6       D2         0
                text73                            171CE    171CE       2E         0
                text72                            16B5E    16B5E       4E         0
                text71                            14B9E    14B9E      170         0
                text70                            14478    14478      214         0
                text69                            172AA    172AA       28         0
                text68                            17366    17366       22         0
                text67                            170A6    170A6       34         0
                text66                            16C80    16C80       44         0
                text65                            14A24    14A24      17A         0
                text64                            14D0E    14D0E      158         0
                text63                            15108    15108      134         0
                text62                            16D80    16D80       3E         0
                text61                            175A6    175A6       10         0
                text60                            17676    17676        A         0
                text59                            16504    16504       6C         0
                text58                            16D42    16D42       3E         0
                text57                            1710C    1710C       32         0
                text56                            15B34    15B34       B2         0
                text55                            138A8    138A8      2B2         0
                text54                            15556    15556       E6         0
                text53                            1571E    1571E       DE         0
                text52                            15A76    15A76       BE         0
                text51                            1425E    1425E      21A         0
                text50                            17072    17072       34         0
                text49                            1703E    1703E       34         0
                text48                            1700A    1700A       34         0
                text47                            16ABA    16ABA       52         0
                text46                            13B5A    13B5A      286         0
                text45                            12672    12672      97E         0
                text44                            16344    16344       76         0
                text43                            17254    17254       2C         0
                text42                            174AE    174AE       1A         0
                text41                            16F9A    16F9A       3A         0
                text40                            135C6    135C6      2E2         0
                text39                            17560    17560       12         0
                text38                            17228    17228       2C         0
                text37                            15354    15354      108         0
                text36                            1468C    1468C      1D2         0
                text35                            171FC    171FC       2C         0
                text34                            16028    16028       90         0
                text33                            13DE0    13DE0      24E         0
                text32                            12FF0    12FF0      5D6         0
                text31                            172D2    172D2       26         0
                text30                            173EC    173EC       1E         0
                text29                            176CE    176CE        6         0
                text28                            17494    17494       1A         0
                text27                            1747A    1747A       1A         0
                text26                            16D04    16D04       3E         0
                text25                            168A0    168A0       60         0
                text24                            170DA    170DA       32         0
                text23                            16E72    16E72       3C         0
                text22                            16E36    16E36       3C         0
                text21                            17596    17596       10         0
                text20                            163BA    163BA       70         0
                text19                            17280    17280       2A         0
                text18                            16F60    16F60       3A         0
                text17                            159A8    159A8       CE         0
                text16                            16498    16498       6C         0
                text15                            16C3C    16C3C       44         0
                text14                            166AC    166AC       66         0
                text13                            1713E    1713E       30         0
                text12                            16570    16570       6A         0
                text11                            1766C    1766C        A         0
                text10                            1769E    1769E        8         0
                text9                             16F26    16F26       3A         0
                text8                             157FC    157FC       DA         0
                text7                             1402E    1402E      230         0
                text6                             16840    16840       60         0
                text5                             17460    17460       1A         0
                text4                             17446    17446       1A         0
                text3                             14FBA    14FBA      14E         0
                text2                             16DFA    16DFA       3C         0
                text1                             16DBE    16DBE       3C         0
                text0                             10000    10000     2672         0
                cinit                             15BE6    15BE6       AE         0
                idataBANK2                        17734    17734        2         0
                idataBANK1                        17732    17732        2         0
                idataCOMRAM                       17730    17730        2         0

        CLASS   CONST          

        CLASS   SMALLCONST     

        CLASS   MEDIUMCONST    
                mediumconst                        F5E2     F5E2      A1E         0

        CLASS   COMRAM         
                cstackCOMRAM                          1        1       3D         1
                dataCOMRAM                           4D       4D        2         1
                bssCOMRAM                            3E       3E        F         1

        CLASS   ABS1           

        CLASS   BIGRAM         

        CLASS   RAM            

        CLASS   BANK0          
                cstackBANK0                          60       60       99         1
                bssBANK0                             F9       F9        5         1

        CLASS   BANK1          
                cstackBANK1                         100      100       CB         1
                dataBANK1                           1FE      1FE        2         1
                bssBANK1                            1CB      1CB       31         1
                nvBANK1                             1FC      1FC        2         1

        CLASS   BANK2          
                dataBANK2                           2E7      2E7        2         1
                bssBANK2                            200      200       E7         1
                nvBANK2                             2E9      2E9        1         1

        CLASS   BANK3          
                bssBANK3                            300      300       C7         1

        CLASS   BANK4          
                bssBANK4                            400      400       4A         1

        CLASS   BANK5          

        CLASS   BANK6          

        CLASS   BANK7          

        CLASS   BANK8          

        CLASS   BANK9          

        CLASS   BANK10         

        CLASS   BANK11         

        CLASS   BANK12         

        CLASS   BANK13         

        CLASS   BANK14         

        CLASS   BANK15         

        CLASS   BANK16         

        CLASS   BANK17         

        CLASS   BANK18         

        CLASS   BANK19         

        CLASS   BANK20         

        CLASS   BANK21         

        CLASS   BANK22         

        CLASS   BANK23         

        CLASS   BANK24         

        CLASS   BANK25         

        CLASS   BANK26         

        CLASS   BANK27         

        CLASS   BANK28         

        CLASS   BANK29         

        CLASS   BANK30         

        CLASS   BANK31         

        CLASS   SFR            

        CLASS   FARRAM         

        CLASS   CONFIG         
                config                           300000   300000        A         0

        CLASS   IDLOC          
                idloc                            200000   200000       10         0

        CLASS   EEDATA         



SEGMENTS        Name                           Load    Length   Top    Selector   Space  Class

                reset_vec                      000000  000004  000004         0       0  CODE    
                cstackCOMRAM                   000001  00004E  00004F         1       1  COMRAM  
                ivt0x8                         000008  000016  00001E         4       0  CODE    
                cstackBANK0                    000060  00009E  0000FE        60       1  BANK0   
                cstackBANK1                    000100  000100  000200       100       1  BANK1   
                bssBANK2                       000200  0000EA  0002EA       200       1  BANK2   
                bssBANK3                       000300  0000C7  0003C7       300       1  BANK3   
                bssBANK4                       000400  00004A  00044A       400       1  BANK4   
                mediumconst                    00F5E2  000A1E  010000      7AF1       0  MEDIUMCO
                text0                          010000  007736  017736      8000       0  CODE    
                idloc                          200000  000010  200010    200000       0  IDLOC   
                config                         300000  00000A  30000A    300000       0  CONFIG  


UNUSED ADDRESS RANGES

        Name                Unused          Largest block    Delta
        BANK0            0000FE-0000FF                2
        BANK10           000A00-000AFF              100
        BANK11           000B00-000BFF              100
        BANK12           000C00-000CFF              100
        BANK13           000D00-000DFF              100
        BANK14           000E00-000EFF              100
        BANK15           000F00-000FFF              100
        BANK16           001000-0010FF              100
        BANK17           001100-0011FF              100
        BANK18           001200-0012FF              100
        BANK19           001300-0013FF              100
        BANK2            0002EA-0002FF               16
        BANK20           001400-0014FF              100
        BANK21           001500-0015FF              100
        BANK22           001600-0016FF              100
        BANK23           001700-0017FF              100
        BANK24           001800-0018FF              100
        BANK25           001900-0019FF              100
        BANK26           001A00-001AFF              100
        BANK27           001B00-001BFF              100
        BANK28           001C00-001CFF              100
        BANK29           001D00-001DFF              100
        BANK3            0003C7-0003FF               39
        BANK30           001E00-001EFF              100
        BANK31           001F00-001FFF              100
        BANK4            00044A-0004FF               B6
        BANK5            000500-0005FF              100
        BANK6            000600-0006FF              100
        BANK7            000700-0007FF              100
        BANK8            000800-0008FF              100
        BANK9            000900-0009FF              100
        BIGRAM           00004F-00005F               11
                         0000FE-0000FF                2
                         0002EA-0002FF               16
                         0003C7-0003FF               39
                         00044A-001FFF             1BB6
        CODE             000004-000007                4
                         00001E-00F5E1             F5C4
                         017736-01FFFF             88CA
        COMRAM           00004F-00005F               11
        CONST            000004-000007                4
                         00001E-00F5E1             F5C4
                         017736-01FFFF             88CA
        EEDATA           310000-3103FF              400
        MEDIUMCONST      002000-00F5E1             D5E2
                         017736-01FFFF             88CA
        RAM              0000FE-0000FF                2
                         0002EA-0002FF               16
                         0003C7-0003FF               39
                         00044A-001FFF              100
        SFR              003800-003FFF              100
        SMALLCONST       002000-00F5E1              100
                         017736-01FFFF              100
        STACK            00044A-001FFF             1BB6

                                  Symbol Table

?___aodiv                                   cstackCOMRAM 000012
?___aomod                                   cstackCOMRAM 000012
?___llmod                                   cstackCOMRAM 000001
?___lodiv                                   cstackCOMRAM 000012
?___lomod                                   cstackCOMRAM 000012
?___wmul                                    cstackCOMRAM 000012
?_abs                                       cstackCOMRAM 000024
?_atoi                                      cstackCOMRAM 000019
?_bit_convt_6to4                            cstackCOMRAM 000012
?_dtoa                                      cstackCOMRAM 00002F
?_eep_check_tx_id                           cstackCOMRAM 000012
?_eep_forget_tx_id                          cstackCOMRAM 00001E
?_eep_remember_tx_id                        cstackCOMRAM 000023
?_isalpha                                   cstackCOMRAM 000012
?_isdigit                                   cstackCOMRAM 000012
?_islower                                   cstackCOMRAM 000012
?_isspace                                   cstackCOMRAM 000012
?_isupper                                   cstackCOMRAM 000012
?_memcmp                                    cstackCOMRAM 000012
?_millis                                    cstackCOMRAM 000012
?_pad                                       cstackCOMRAM 000024
?_printf                                    cstackBANK0  0000AB
?_recv_switch_begin                         cstackCOMRAM 00001E
?_relay_get_pulse_time                      cstackCOMRAM 000012
?_relay_get_trigger_wait                    cstackCOMRAM 000012
?_relay_get_trigger_width                   cstackCOMRAM 000012
?_rf_receiver_get_tx_id                     cstackCOMRAM 000023
?_strlen                                    cstackCOMRAM 000012
?_strncmp                                   cstackCOMRAM 000012
?_system_get_block_timeout                  cstackCOMRAM 000012
?_system_get_technician_pin                 cstackCOMRAM 000012
?_system_get_user_pin                       cstackCOMRAM 000012
?_toupper                                   cstackCOMRAM 000018
?_utoa                                      cstackCOMRAM 00002F
?_vfpfcnvrt                                 cstackBANK0  00007C
?_vfprintf                                  cstackBANK0  0000A5
?_xtoa                                      cstackCOMRAM 00002F
?i2_millis                                  cstackCOMRAM 000001
?i2_relay_get_trigger_wait                  cstackCOMRAM 000001
?i2_relay_get_trigger_width                 cstackCOMRAM 000001
I2C1_CallbackReturnReset@funPtr             cstackCOMRAM 000012
I2C1_Close@returnValue                      cstackCOMRAM 000012
I2C1_DO_RX@retFsmState                      cstackCOMRAM 000018
I2C1_DO_TX@dataTx                           cstackCOMRAM 000016
I2C1_DO_TX@retFsmState                      cstackCOMRAM 000017
I2C1_MasterOperation@read                   cstackCOMRAM 00001A
I2C1_MasterOperation@returnValue            cstackCOMRAM 00001B
I2C1_MasterSendTxData@data                  cstackCOMRAM 000012
I2C1_MasterSetCounter@counter               cstackCOMRAM 000012
I2C1_Open@address                           cstackCOMRAM 000012
I2C1_Open@returnValue                       cstackCOMRAM 000013
I2C1_ReadNBytesFunc@address                 cstackCOMRAM 000020
I2C1_ReadNBytesFunc@data                    cstackCOMRAM 00001C
I2C1_ReadNBytesFunc@len                     cstackCOMRAM 00001E
I2C1_SetAddressNackCallback@cb              cstackCOMRAM 000018
I2C1_SetAddressNackCallback@ptr             cstackCOMRAM 00001B
I2C1_SetBuffer@buffer                       cstackCOMRAM 000012
I2C1_SetBuffer@bufferSize                   cstackCOMRAM 000014
I2C1_SetCallback@cb                         cstackCOMRAM 000012
I2C1_SetCallback@idx                        cstackCOMRAM 000017
I2C1_SetCallback@ptr                        cstackCOMRAM 000015
I2C1_WriteNBytesFunc@address                cstackCOMRAM 000021
I2C1_WriteNBytesFunc@data                   cstackCOMRAM 00001D
I2C1_WriteNBytesFunc@len                    cstackCOMRAM 00001F
IVTBASEH                                    (abs)        003FD6
IVTBASEL                                    (abs)        003FD5
IVTBASEU                                    (abs)        003FD7
_ANSELA                                     (abs)        003A40
_ANSELB                                     (abs)        003A50
_ANSELC                                     (abs)        003A60
_I2C1CLK                                    (abs)        003D7B
_I2C1CNT                                    (abs)        003D6C
_I2C1CON0                                   (abs)        003D73
_I2C1CON0bits                               (abs)        003D73
_I2C1CON1                                   (abs)        003D74
_I2C1CON1bits                               (abs)        003D74
_I2C1CON2                                   (abs)        003D75
_I2C1ERR                                    (abs)        003D76
_I2C1ERRbits                                (abs)        003D76
_I2C1PIE                                    (abs)        003D7A
_I2C1PIEbits                                (abs)        003D7A
_I2C1PIR                                    (abs)        003D79
_I2C1PIRbits                                (abs)        003D79
_I2C1RXB                                    (abs)        003D6A
_I2C1SCLPPS                                 (abs)        003AE1
_I2C1SDAPPS                                 (abs)        003AE2
_I2C1STAT1bits                              (abs)        003D78
_I2C1TXB                                    (abs)        003D6B
_I2C1_CallbackReturnReset                   text122      017724
_I2C1_CallbackReturnStop                    text123      017728
_I2C1_ClearInterruptFlags                   text124      01716E
_I2C1_Close                                 text131      017342
_I2C1_DO_ADDRESS_NACK                       text92       01695C
_I2C1_DO_BUS_COLLISION                      text91       0167DE
_I2C1_DO_BUS_ERROR                          text90       0175B6
_I2C1_DO_IDLE                               text107      017654
_I2C1_DO_RESET                              text93       0175C6
_I2C1_DO_RX                                 text103      0162C8
_I2C1_DO_RX_ACK                             text96       0176B6
_I2C1_DO_RX_EMPTY                           text101      01624A
_I2C1_DO_RX_NACK_RESTART                    text94       0176AE
_I2C1_DO_RX_NACK_STOP                       text95       0175D6
_I2C1_DO_SEND_ADR_READ                      text106      0173AA
_I2C1_DO_SEND_ADR_WRITE                     text105      01754A
_I2C1_DO_SEND_RESTART                       text98       01771C
_I2C1_DO_SEND_RESTART_READ                  text100      0175E4
_I2C1_DO_SEND_RESTART_WRITE                 text99       017720
_I2C1_DO_SEND_STOP                          text97       01740A
_I2C1_DO_TX                                 text104      01563C
_I2C1_DO_TX$1774                            cstackCOMRAM 000018
_I2C1_DO_TX_ACK                             text108      0176BE
_I2C1_DO_TX_EMPTY                           text102      016644
_I2C1_MasterClearCountFlag                  text130      01770A
_I2C1_MasterClearIrq                        text134      0176C6
_I2C1_MasterClearNackFlag                   text129      017704
_I2C1_MasterClearStopFlag                   text128      0176FE
_I2C1_MasterClose                           text133      017660
_I2C1_MasterDisableIrq                      text132      017428
_I2C1_MasterDisableRestart                  text120      0176F8
_I2C1_MasterEnableRestart                   text119      0176F2
_I2C1_MasterFsm                             text89       016900
_I2C1_MasterGetCounter                      text111      0176D4
_I2C1_MasterGetRxData                       text116      0176EC
_I2C1_MasterIsCountFlagSet                  text127      017638
_I2C1_MasterIsNack                          text110      017600
_I2C1_MasterIsNackFlagSet                   text126      01762A
_I2C1_MasterIsRxBufFull                     text115      01760E
_I2C1_MasterIsStopFlagSet                   text125      01761C
_I2C1_MasterIsTxBufEmpty                    text109      0175F2
_I2C1_MasterOpen                            text84       01731E
_I2C1_MasterOperation                       text86       016EEA
_I2C1_MasterRead                            text10       01769E
_I2C1_MasterResetBus                        text121      017694
_I2C1_MasterSendAck                         text114      0176E6
_I2C1_MasterSendNack                        text113      0176E0
_I2C1_MasterSendTxData                      text117      017680
_I2C1_MasterSetCounter                      text118      01768A
_I2C1_MasterStop                            text112      0176DA
_I2C1_MasterWaitForEvent                    text88       0174C8
_I2C1_MasterWrite                           text85       0176A6
_I2C1_Open                                  text83       015DD0
_I2C1_Poller                                text87       017572
_I2C1_ReadNBytesFunc                        text9        016F26
_I2C1_SetAddressNackCallback                text81       0172F8
_I2C1_SetBuffer                             text80       017388
_I2C1_SetCallback                           text82       0161C8
_I2C1_Status                                bssBANK2     000200
_I2C1_WriteNBytesFunc                       text79       016B0C
_INLVLA                                     (abs)        003A44
_INLVLB                                     (abs)        003A54
_INLVLC                                     (abs)        003A64
_INLVLE                                     (abs)        003A84
_INTCON0bits                                (abs)        003FD2
_INTERRUPT_InterruptManager                 text144      0160B8
_IOCAFbits                                  (abs)        003A47
_IOCANbits                                  (abs)        003A46
_IOCAPbits                                  (abs)        003A45
_IOCBFbits                                  (abs)        003A57
_IOCBNbits                                  (abs)        003A56
_IOCBPbits                                  (abs)        003A55
_IOCCFbits                                  (abs)        003A67
_IOCCNbits                                  (abs)        003A66
_IOCCPbits                                  (abs)        003A65
_LATA                                       (abs)        003FBA
_LATAbits                                   (abs)        003FBA
_LATB                                       (abs)        003FBB
_LATBbits                                   (abs)        003FBB
_LATC                                       (abs)        003FBC
_LATCbits                                   (abs)        003FBC
_ODCONA                                     (abs)        003A42
_ODCONB                                     (abs)        003A52
_ODCONC                                     (abs)        003A62
_OSCCON1                                    (abs)        0039D9
_OSCCON3                                    (abs)        0039DB
_OSCEN                                      (abs)        0039DD
_OSCFRQ                                     (abs)        0039DF
_OSCTUNE                                    (abs)        0039DE
_PIE0bits                                   (abs)        003990
_PIE2bits                                   (abs)        003992
_PIE3bits                                   (abs)        003993
_PIE6bits                                   (abs)        003996
_PIR0bits                                   (abs)        0039A0
_PIR2bits                                   (abs)        0039A2
_PIR3bits                                   (abs)        0039A3
_PIR6bits                                   (abs)        0039A6
_PMD0                                       (abs)        0039C0
_PMD1                                       (abs)        0039C1
_PMD2                                       (abs)        0039C2
_PMD3                                       (abs)        0039C3
_PMD4                                       (abs)        0039C4
_PMD5                                       (abs)        0039C5
_PMD6                                       (abs)        0039C6
_PMD7                                       (abs)        0039C7
_PORTAbits                                  (abs)        003FCA
_PORTBbits                                  (abs)        003FCB
_PORTCbits                                  (abs)        003FCC
_RB1I2C                                     (abs)        003A5A
_RB2I2C                                     (abs)        003A5B
_RB6PPS                                     (abs)        003A0E
_RC3I2C                                     (abs)        003A6A
_RC3PPS                                     (abs)        003A13
_RC4I2C                                     (abs)        003A6B
_RC4PPS                                     (abs)        003A14
_SLRCONA                                    (abs)        003A43
_SLRCONB                                    (abs)        003A53
_SLRCONC                                    (abs)        003A63
_T0CON0                                     (abs)        003FB8
_T0CON1                                     (abs)        003FB9
_TMR0H                                      (abs)        003FB7
_TMR0L                                      (abs)        003FB6
_TRISA                                      (abs)        003FC2
_TRISB                                      (abs)        003FC3
_TRISC                                      (abs)        003FC4
_U2BRGH                                     (abs)        003DDE
_U2BRGL                                     (abs)        003DDD
_U2CON0                                     (abs)        003DDA
_U2CON1                                     (abs)        003DDB
_U2CON2                                     (abs)        003DDC
_U2ERRIE                                    (abs)        003DE2
_U2ERRIR                                    (abs)        003DE1
_U2ERRIRbits                                (abs)        003DE1
_U2FIFO                                     (abs)        003DDF
_U2P1L                                      (abs)        003DD4
_U2P2L                                      (abs)        003DD6
_U2P3L                                      (abs)        003DD8
_U2RXB                                      (abs)        003DD0
_U2RXPPS                                    (abs)        003AE8
_U2TXB                                      (abs)        003DD2
_U2UIR                                      (abs)        003DE0
_WPUA                                       (abs)        003A41
_WPUB                                       (abs)        003A51
_WPUC                                       (abs)        003A61
_WPUE                                       (abs)        003A81
__CFG_BBEN$OFF                              (abs)        000000
__CFG_BBSIZE$BBSIZE_512                     (abs)        000000
__CFG_BOREN$SBORDIS                         (abs)        000000
__CFG_BORV$VBOR_2P45                        (abs)        000000
__CFG_CLKOUTEN$OFF                          (abs)        000000
__CFG_CP$OFF                                (abs)        000000
__CFG_CSWEN$ON                              (abs)        000000
__CFG_DEBUG$OFF                             (abs)        000000
__CFG_FCMEN$ON                              (abs)        000000
__CFG_FEXTOSC$OFF                           (abs)        000000
__CFG_IVT1WAY$ON                            (abs)        000000
__CFG_LPBOREN$OFF                           (abs)        000000
__CFG_LVP$ON                                (abs)        000000
__CFG_MCLRE$EXTMCLR                         (abs)        000000
__CFG_MVECEN$OFF                            (abs)        000000
__CFG_PPS1WAY$ON                            (abs)        000000
__CFG_PR1WAY$ON                             (abs)        000000
__CFG_PWRTS$PWRT_OFF                        (abs)        000000
__CFG_RSTOSC$HFINTOSC_1MHZ                  (abs)        000000
__CFG_SAFEN$OFF                             (abs)        000000
__CFG_STVREN$ON                             (abs)        000000
__CFG_WDTCCS$SC                             (abs)        000000
__CFG_WDTCPS$WDTCPS_31                      (abs)        000000
__CFG_WDTCWS$WDTCWS_7                       (abs)        000000
__CFG_WDTE$OFF                              (abs)        000000
__CFG_WRTAPP$OFF                            (abs)        000000
__CFG_WRTB$OFF                              (abs)        000000
__CFG_WRTC$OFF                              (abs)        000000
__CFG_WRTD$OFF                              (abs)        000000
__CFG_WRTSAF$OFF                            (abs)        000000
__CFG_XINST$OFF                             (abs)        000000
__CFG_ZCD$OFF                               (abs)        000000
__HRAM                                      (abs)        000000
__Habs1                                     abs1         000000
__Hbank0                                    bank0        000000
__Hbank1                                    bank1        000000
__Hbank10                                   bank10       000000
__Hbank11                                   bank11       000000
__Hbank12                                   bank12       000000
__Hbank13                                   bank13       000000
__Hbank14                                   bank14       000000
__Hbank15                                   bank15       000000
__Hbank16                                   bank16       000000
__Hbank17                                   bank17       000000
__Hbank18                                   bank18       000000
__Hbank19                                   bank19       000000
__Hbank2                                    bank2        000000
__Hbank20                                   bank20       000000
__Hbank21                                   bank21       000000
__Hbank22                                   bank22       000000
__Hbank23                                   bank23       000000
__Hbank24                                   bank24       000000
__Hbank25                                   bank25       000000
__Hbank26                                   bank26       000000
__Hbank27                                   bank27       000000
__Hbank28                                   bank28       000000
__Hbank29                                   bank29       000000
__Hbank3                                    bank3        000000
__Hbank30                                   bank30       000000
__Hbank31                                   bank31       000000
__Hbank4                                    bank4        000000
__Hbank5                                    bank5        000000
__Hbank6                                    bank6        000000
__Hbank7                                    bank7        000000
__Hbank8                                    bank8        000000
__Hbank9                                    bank9        000000
__Hbigbss                                   bigbss       000000
__Hbigdata                                  bigdata      000000
__Hbigram                                   bigram       000000
__Hbss                                      bss          000000
__HbssBANK0                                 bssBANK0     000000
__HbssBANK1                                 bssBANK1     000000
__HbssBANK2                                 bssBANK2     000000
__HbssBANK3                                 bssBANK3     000000
__HbssBANK4                                 bssBANK4     000000
__HbssCOMRAM                                bssCOMRAM    000000
__Hcinit                                    cinit        000000
__Hclrtext                                  clrtext      000000
__Hcomram                                   comram       000000
__Hconfig                                   config       30000A
__Hconst                                    const        000000
__HcstackBANK0                              cstackBANK0  000000
__HcstackBANK1                              cstackBANK1  000000
__HcstackCOMRAM                             cstackCOMRAM 000000
__Hdata                                     data         000000
__HdataBANK1                                dataBANK1    000000
__HdataBANK2                                dataBANK2    000000
__HdataCOMRAM                               dataCOMRAM   000000
__Heeprom_data                              eeprom_data  000000
__Hfarbss                                   farbss       000000
__Hfardata                                  fardata      000000
__Hibigdata                                 ibigdata     000000
__Hidata                                    idata        000000
__HidataBANK1                               idataBANK1   000000
__HidataBANK2                               idataBANK2   000000
__HidataCOMRAM                              idataCOMRAM  000000
__Hidloc                                    idloc        200010
__Hifardata                                 ifardata     000000
__Hinit                                     init         00001E
__Hintsave_regs                             intsave_regs 000000
__Hirdata                                   irdata       000000
__Hivt0x8                                   ivt0x8       00001A
__Hmediumconst                              mediumconst  010000
__HnvBANK1                                  nvBANK1      000000
__HnvBANK2                                  nvBANK2      000000
__HnvFARRAM                                 nvFARRAM     000000
__Hnvbit                                    nvbit        000000
__Hnvrram                                   nvrram       000000
__Hparam                                    rparam       000000
__Hpowerup                                  powerup      000000
__Hram                                      ram          000000
__Hramtop                                   ramtop       002000
__Hrbit                                     rbit         000000
__Hrbss                                     rbss         000000
__Hrdata                                    rdata        000000
__Hreset_vec                                reset_vec    000004
__Hrparam                                   rparam       000000
__Hsfr                                      sfr          000000
__Hsmallconst                               smallconst   000000
__Hspace_0                                  (abs)        30000A
__Hspace_1                                  (abs)        00044A
__Hspace_2                                  (abs)        000000
__Hstack                                    stack        000000
__Hstruct                                   struct       000000
__Htemp                                     temp         000000
__Htext                                     text         000000
__Htext0                                    text0        000000
__Htext1                                    text1        000000
__Htext10                                   text10       000000
__Htext100                                  text100      000000
__Htext101                                  text101      000000
__Htext102                                  text102      000000
__Htext103                                  text103      000000
__Htext104                                  text104      000000
__Htext105                                  text105      000000
__Htext106                                  text106      000000
__Htext107                                  text107      000000
__Htext108                                  text108      000000
__Htext109                                  text109      000000
__Htext11                                   text11       000000
__Htext110                                  text110      000000
__Htext111                                  text111      000000
__Htext112                                  text112      000000
__Htext113                                  text113      000000
__Htext114                                  text114      000000
__Htext115                                  text115      000000
__Htext116                                  text116      000000
__Htext117                                  text117      000000
__Htext118                                  text118      000000
__Htext119                                  text119      000000
__Htext12                                   text12       000000
__Htext120                                  text120      000000
__Htext121                                  text121      000000
__Htext122                                  text122      000000
__Htext123                                  text123      000000
__Htext124                                  text124      000000
__Htext125                                  text125      000000
__Htext126                                  text126      000000
__Htext127                                  text127      000000
__Htext128                                  text128      000000
__Htext129                                  text129      000000
__Htext13                                   text13       000000
__Htext130                                  text130      000000
__Htext131                                  text131      000000
__Htext132                                  text132      000000
__Htext133                                  text133      000000
__Htext134                                  text134      000000
__Htext135                                  text135      000000
__Htext136                                  text136      000000
__Htext137                                  text137      000000
__Htext138                                  text138      000000
__Htext139                                  text139      000000
__Htext14                                   text14       000000
__Htext140                                  text140      000000
__Htext141                                  text141      000000
__Htext142                                  text142      000000
__Htext143                                  text143      000000
__Htext144                                  text144      000000
__Htext145                                  text145      000000
__Htext146                                  text146      000000
__Htext147                                  text147      000000
__Htext148                                  text148      000000
__Htext149                                  text149      000000
__Htext15                                   text15       000000
__Htext150                                  text150      000000
__Htext151                                  text151      000000
__Htext152                                  text152      000000
__Htext153                                  text153      000000
__Htext154                                  text154      000000
__Htext155                                  text155      000000
__Htext156                                  text156      000000
__Htext157                                  text157      000000
__Htext158                                  text158      000000
__Htext159                                  text159      000000
__Htext16                                   text16       000000
__Htext160                                  text160      000000
__Htext161                                  text161      000000
__Htext162                                  text162      000000
__Htext163                                  text163      000000
__Htext164                                  text164      000000
__Htext165                                  text165      000000
__Htext17                                   text17       000000
__Htext18                                   text18       000000
__Htext19                                   text19       000000
__Htext2                                    text2        000000
__Htext20                                   text20       000000
__Htext21                                   text21       000000
__Htext22                                   text22       000000
__Htext23                                   text23       000000
__Htext24                                   text24       000000
__Htext25                                   text25       000000
__Htext26                                   text26       000000
__Htext27                                   text27       000000
__Htext28                                   text28       000000
__Htext29                                   text29       000000
__Htext3                                    text3        000000
__Htext30                                   text30       000000
__Htext31                                   text31       000000
__Htext32                                   text32       000000
__Htext33                                   text33       000000
__Htext34                                   text34       000000
__Htext35                                   text35       000000
__Htext36                                   text36       000000
__Htext37                                   text37       000000
__Htext38                                   text38       000000
__Htext39                                   text39       000000
__Htext4                                    text4        000000
__Htext40                                   text40       000000
__Htext41                                   text41       000000
__Htext42                                   text42       000000
__Htext43                                   text43       000000
__Htext44                                   text44       000000
__Htext45                                   text45       000000
__Htext46                                   text46       000000
__Htext47                                   text47       000000
__Htext48                                   text48       000000
__Htext49                                   text49       000000
__Htext5                                    text5        000000
__Htext50                                   text50       000000
__Htext51                                   text51       000000
__Htext52                                   text52       000000
__Htext53                                   text53       000000
__Htext54                                   text54       000000
__Htext55                                   text55       000000
__Htext56                                   text56       000000
__Htext57                                   text57       000000
__Htext58                                   text58       000000
__Htext59                                   text59       000000
__Htext6                                    text6        000000
__Htext60                                   text60       000000
__Htext61                                   text61       000000
__Htext62                                   text62       000000
__Htext63                                   text63       000000
__Htext64                                   text64       000000
__Htext65                                   text65       000000
__Htext66                                   text66       000000
__Htext67                                   text67       000000
__Htext68                                   text68       000000
__Htext69                                   text69       000000
__Htext7                                    text7        000000
__Htext70                                   text70       000000
__Htext71                                   text71       000000
__Htext72                                   text72       000000
__Htext73                                   text73       000000
__Htext74                                   text74       000000
__Htext75                                   text75       000000
__Htext76                                   text76       000000
__Htext77                                   text77       000000
__Htext78                                   text78       000000
__Htext79                                   text79       000000
__Htext8                                    text8        000000
__Htext80                                   text80       000000
__Htext81                                   text81       000000
__Htext82                                   text82       000000
__Htext83                                   text83       000000
__Htext84                                   text84       000000
__Htext85                                   text85       000000
__Htext86                                   text86       000000
__Htext87                                   text87       000000
__Htext88                                   text88       000000
__Htext89                                   text89       000000
__Htext9                                    text9        000000
__Htext90                                   text90       000000
__Htext91                                   text91       000000
__Htext92                                   text92       000000
__Htext93                                   text93       000000
__Htext94                                   text94       000000
__Htext95                                   text95       000000
__Htext96                                   text96       000000
__Htext97                                   text97       000000
__Htext98                                   text98       000000
__Htext99                                   text99       000000
__LRAM                                      (abs)        000001
__Labs1                                     abs1         000000
__Lbank0                                    bank0        000000
__Lbank1                                    bank1        000000
__Lbank10                                   bank10       000000
__Lbank11                                   bank11       000000
__Lbank12                                   bank12       000000
__Lbank13                                   bank13       000000
__Lbank14                                   bank14       000000
__Lbank15                                   bank15       000000
__Lbank16                                   bank16       000000
__Lbank17                                   bank17       000000
__Lbank18                                   bank18       000000
__Lbank19                                   bank19       000000
__Lbank2                                    bank2        000000
__Lbank20                                   bank20       000000
__Lbank21                                   bank21       000000
__Lbank22                                   bank22       000000
__Lbank23                                   bank23       000000
__Lbank24                                   bank24       000000
__Lbank25                                   bank25       000000
__Lbank26                                   bank26       000000
__Lbank27                                   bank27       000000
__Lbank28                                   bank28       000000
__Lbank29                                   bank29       000000
__Lbank3                                    bank3        000000
__Lbank30                                   bank30       000000
__Lbank31                                   bank31       000000
__Lbank4                                    bank4        000000
__Lbank5                                    bank5        000000
__Lbank6                                    bank6        000000
__Lbank7                                    bank7        000000
__Lbank8                                    bank8        000000
__Lbank9                                    bank9        000000
__Lbigbss                                   bigbss       000000
__Lbigdata                                  bigdata      000000
__Lbigram                                   bigram       000000
__Lbss                                      bss          000000
__LbssBANK0                                 bssBANK0     000000
__LbssBANK1                                 bssBANK1     000000
__LbssBANK2                                 bssBANK2     000000
__LbssBANK3                                 bssBANK3     000000
__LbssBANK4                                 bssBANK4     000000
__LbssCOMRAM                                bssCOMRAM    000000
__Lcinit                                    cinit        000000
__Lclrtext                                  clrtext      000000
__Lcomram                                   comram       000000
__Lconfig                                   config       300000
__Lconst                                    const        000000
__LcstackBANK0                              cstackBANK0  000000
__LcstackBANK1                              cstackBANK1  000000
__LcstackCOMRAM                             cstackCOMRAM 000000
__Ldata                                     data         000000
__LdataBANK1                                dataBANK1    000000
__LdataBANK2                                dataBANK2    000000
__LdataCOMRAM                               dataCOMRAM   000000
__Leeprom_data                              eeprom_data  000000
[...]
Total ram usage:        0 bytes
 Hardware stack levels used:    1
 Hardware stack levels required when called:    1
 This function calls:
		i2_blink_led_async_stop
		i2_millis
 This function is called by:
		i2_rotary_swtich_update
 This function uses a non-reentrant model


 *************** function i2_blink_led_async_stop *****************
 Defined at:
		line 1521 in file "BTZGDRrv.c"
 Parameters:    Size  Location     Type
  led             1    wreg     enum E15881
 Auto vars:     Size  Location     Type
  led             1    2[COMRAM] enum E15881
 Return value:  Size  Location     Type
                  1    wreg      void 
 Registers used:
		wreg, status,2, status,0
 Tracked objects:
		On entry : 
		On exit  : 
		Unchanged: 
 Data sizes:     COMRAM   BANK0   BANK1   BANK2   BANK3   BANK4   BANK5   BANK6   BANK7   BANK8   BANK9  BANK10  BANK11  BANK12  BANK13  BANK14  BANK15  BANK16  BANK17  BANK18  BANK19  BANK20  BANK21  BANK22  BANK23  BANK24  BANK25  BANK26  BANK27  BANK28  BANK29  BANK30  BANK31
      Params:         0       0       0       0       0       0       0       0       0       0       0       0       0       0       0       0       0       0       0       0       0       0       0       0       0       0       0       0       0       0       0       0       0
      Locals:         1       0       0       0       0       0       0       0       0       0       0       0       0       0       0       0       0       0       0       0       0       0       0       0       0       0       0       0       0       0       0       0       0
      Temps:          2       0       0       0       0       0       0       0       0       0       0       0       0       0       0       0       0       0       0       0       0       0       0       0       0       0       0       0       0       0       0       0       0
      Totals:         3       0       0       0       0       0       0       0       0       0       0       0       0       0       0       0       0       0       0       0       0       0       0       0       0       0       0       0       0       0       0       0       0
Total ram usage:        3 bytes
 Hardware stack levels used:    1
 This function calls:
		Nothing
 This function is called by:
		i2_rotary_switch_on_change_handler
 This function uses a non-reentrant model


 *************** function _ra0_ioc_handler *****************
 Defined at:
		line 1557 in file "BTZGDRrv.c"
 Parameters:    Size  Location     Type
		None
 Auto vars:     Size  Location     Type
  released        1    4[COMRAM] _Bool 
 Return value:  Size  Location     Type
                  1    wreg      void 
 Registers used:
		wreg, status,2, status,0, cstack
 Tracked objects:
		On entry : 
		On exit  : 
		Unchanged: 
 Data sizes:     COMRAM   BANK0   BANK1   BANK2   BANK3   BANK4   BANK5   BANK6   BANK7   BANK8   BANK9  BANK10  BANK11  BANK12  BANK13  BANK14  BANK15  BANK16  BANK17  BANK18  BANK19  BANK20  BANK21  BANK22  BANK23  BANK24  BANK25  BANK26  BANK27  BANK28  BANK29  BANK30  BANK31
      Params:         0       0       0       0       0       0       0       0       0       0       0       0       0       0       0       0       0       0       0       0       0       0       0       0       0       0       0       0       0       0       0       0       0
      Locals:         1       0       0       0       0       0       0       0       0       0       0       0       0       0       0       0       0       0       0       0       0       0       0       0       0       0       0       0       0       0       0       0       0
      Temps:          0       0       0       0       0       0       0       0       0       0       0       0       0       0       0       0       0       0       0       0       0       0       0       0       0       0       0       0       0       0       0       0       0
      Totals:         1       0       0       0       0       0       0       0       0       0       0       0       0       0       0       0       0       0       0       0       0       0       0       0       0       0       0       0       0       0       0       0       0
Total ram usage:        1 bytes
 Hardware stack levels used:    1
 Hardware stack levels required when called:    1
 This function calls:
		i2_millis
 This function is called by:
		_INTERRUPT_InterruptManager
 This function uses a non-reentrant model


 *************** function i2_millis *****************
 Defined at:
		line 562 in file "BTZGDRrv.c"
 Parameters:    Size  Location     Type
		None
 Auto vars:     Size  Location     Type
		None
 Return value:  Size  Location     Type
                  4    0[COMRAM] unsigned long 
 Registers used:
		None
 Tracked objects:
		On entry : 
		On exit  : 
		Unchanged: 
 Data sizes:     COMRAM   BANK0   BANK1   BANK2   BANK3   BANK4   BANK5   BANK6   BANK7   BANK8   BANK9  BANK10  BANK11  BANK12  BANK13  BANK14  BANK15  BANK16  BANK17  BANK18  BANK19  BANK20  BANK21  BANK22  BANK23  BANK24  BANK25  BANK26  BANK27  BANK28  BANK29  BANK30  BANK31
      Params:         4       0       0       0       0       0       0       0       0       0       0       0       0       0       0       0       0       0       0       0       0       0       0       0       0       0       0       0       0       0       0       0       0
      Locals:         0       0       0       0       0       0       0       0       0       0       0       0       0       0       0       0       0       0       0       0       0       0       0       0       0       0       0       0       0       0       0       0       0
      Temps:          0       0       0       0       0       0       0       0       0       0       0       0       0       0       0       0       0       0       0       0       0       0       0       0       0       0       0       0       0       0       0       0       0
      Totals:         4       0       0       0       0       0       0       0       0       0       0       0       0       0       0       0       0       0       0       0       0       0       0       0       0       0       0       0       0       0       0       0       0
Total ram usage:        4 bytes
 Hardware stack levels used:    1
 This function calls:
		Nothing
 This function is called by:
		_ra0_ioc_handler
		_relay_task
		_relay_trigger_on
		i2_rotary_switch_on_change_handler
 This function uses a non-reentrant model



MODULE INFORMATION

Module		Function		Class		Link	Load	Size
BTZGDRrv.c
		_I2C1_DO_SEND_RESTART		CODE           	1771C	0000	5
		_blink_led_async_stop		CODE           	16BAC	0000	73
		_I2C1_MasterIsNackFlagSet		CODE           	1762A	0000	15
		_relay_set_pulse_time		CODE           	168A0	0000	97
		_I2C1_DO_RX_EMPTY		CODE           	1624A	0000	127
		_I2C1_DO_TX_EMPTY		CODE           	16644	0000	105
		_I2C1_DO_SEND_RESTART_READ		CODE           	175E4	0000	15
		_I2C1_MasterClearNackFlag		CODE           	17704	0000	7
		_get_key_event 		CODE           	135C6	0000	739
		_millis        		CODE           	174E2	0000	27
		_I2C1_CallbackReturnStop		CODE           	17728	0000	5
		_system_config_update_task		CODE           	16840	0000	97
		_eep_remember_tx_id		CODE           	14B9E	0000	369
		_relay_get_mode		CODE           	17560	0000	19
		_timer0_isr_handler		CODE           	16140	0000	137
		_rb0to3_ioc_handler		CODE           	17646	0000	15
		_millis_attach_external_callback		CODE           	173CC	0000	33
		_I2C1_MasterRead		CODE           	1769E	0000	9
		_I2C1_DO_RX    		CODE           	162C8	0000	125
		_I2C1_DO_TX    		CODE           	1563C	0000	227
		_I2C1_SetAddressNackCallback		CODE           	172F8	0000	39
		_rotary_switch_on_change_handler		CODE           	1713E	0000	49
		_uart2_isr_handler		CODE           	15C94	0000	159
		_eep_check_tx_id		CODE           	16B5E	0000	79
		_I2C1_DO_IDLE  		CODE           	17654	0000	13
		_I2C1_MasterOpen		CODE           	1731E	0000	37
		_I2C1_MasterSendTxData		CODE           	17680	0000	11
		_counter_inc   		CODE           	1468C	0000	467
		_I2C1_MasterStop		CODE           	176DA	0000	7
		_putch         		CODE           	17676	0000	11
		_I2C1_MasterIsStopFlagSet		CODE           	1761C	0000	15
		_I2C1_CallbackReturnReset		CODE           	17724	0000	5
		_I2C1_DO_RESET 		CODE           	175C6	0000	17
		_system_config_begin		CODE           	1402E	0000	561
		_relay_set_trigger_width		CODE           	16E36	0000	61
		_verify_counter_value		CODE           	13DE0	0000	591
		_normal_mode_task		CODE           	12FF0	0000	1495
		_eeprom_disable_wp		CODE           	1772C	0000	5
		_counter_inc_by_n		CODE           	171FC	0000	45
		_I2C1_Poller   		CODE           	17572	0000	19
		_relay_pulse_on		CODE           	15354	0000	265
		_main          		CODE           	10000	0000	9843
		_I2C1_DO_RX_ACK		CODE           	176B6	0000	9
		_I2C1_DO_TX_ACK		CODE           	176BE	0000	9
		_I2C1_MasterWaitForEvent		CODE           	174C8	0000	27
		_I2C1_MasterSendNack		CODE           	176E0	0000	7
		_relay_set_mode		CODE           	16D04	0000	63
		_I2C1_DO_RX_NACK_RESTART		CODE           	176AE	0000	9
		_system_get_user_pin		CODE           	174AE	0000	27
		_system_set_user_pin		CODE           	16DBE	0000	61
		_system_initialize		CODE           	14FBA	0000	335
		_I2C1_MasterDisableIrq		CODE           	17428	0000	31
		_blink_led_async		CODE           	14478	0000	533
		_relay_get_value		CODE           	16A64	0000	87
		_rotary_position_now		CODE           	166AC	0000	103
		_I2C1_ClearInterruptFlags		CODE           	1716E	0000	49
		_relay_begin   		CODE           	173EC	0000	31
		_I2C1_WriteNBytesFunc		CODE           	16B0C	0000	83
		_I2C1_MasterOperation		CODE           	16EEA	0000	61
		_I2C1_MasterClearStopFlag		CODE           	176FE	0000	7
		_eeprom_write_nbytes		CODE           	1545C	0000	251
		_rf_receiver_get_msg		CODE           	163BA	0000	113
		_uart2_write   		CODE           	175A6	0000	17
		_I2C1_SetCallback		CODE           	161C8	0000	131
		_decrypt       		CODE           	159A8	0000	207
		_I2C1_MasterEnableRestart		CODE           	176F2	0000	7
		_rf_receiver_available		CODE           	16498	0000	109
		_rf_receiver_get_tx_id		CODE           	16C3C	0000	69
		_ra0_ioc_handler		CODE           	15F96	0000	147
		_I2C1_MasterGetCounter		CODE           	176D4	0000	7
		_I2C1_MasterSetCounter		CODE           	1768A	0000	11
		_eep_forget_tx_id		CODE           	158D6	0000	211
		_blink_async_handler		CODE           	1485E	0000	455
		_relay_get_trigger_edge		CODE           	176CE	0000	7
		_rf_receiver_begin		CODE           	17596	0000	17
		_is_key_pressed		CODE           	172AA	0000	41
		_relay_get_trigger_wait		CODE           	17494	0000	27
		_I2C1_Open     		CODE           	15DD0	0000	157
		_INTERRUPT_InterruptManager		CODE           	160B8	0000	137
		_I2C1_DO_ADDRESS_NACK		CODE           	1695C	0000	93
		_rotary_swtich_update		CODE           	16570	0000	107
		_I2C1_MasterDisableRestart		CODE           	176F8	0000	7
		_relay_set_value		CODE           	16778	0000	103
		_bit_convt_6to4		CODE           	16F60	0000	59
		_system_get_block_timeout		CODE           	17460	0000	27
		_system_set_block_timeout		CODE           	16F9A	0000	59
		_eep_erase     		CODE           	16EAE	0000	61
		_crc8          		CODE           	17280	0000	43
		_I2C1_MasterClearCountFlag		CODE           	1770A	0000	7
		_eeprom_read_nbytes		CODE           	157FC	0000	219
		_I2C1_SetBuffer		CODE           	17388	0000	35
		_I2C1_DO_SEND_RESTART_WRITE		CODE           	17720	0000	5
		_I2C1_MasterIsTxBufEmpty		CODE           	175F2	0000	15
		_I2C1_MasterClose		CODE           	17660	0000	13
		_I2C1_MasterWrite		CODE           	176A6	0000	9
		_I2C1_Close    		CODE           	17342	0000	37
		_eep_forget_all		CODE           	15E6C	0000	151
		_blink_init    		CODE           	16A0E	0000	87
		_I2C1_MasterIsRxBufFull		CODE           	1760E	0000	15
		_relay_get_pulse_time		CODE           	17228	0000	45
		_relay_task    		CODE           	1523C	0000	281
		_rotary_switch_begin		CODE           	1766C	0000	11
		_I2C1_MasterIsNack		CODE           	17600	0000	15
		_eep_begin     		CODE           	17710	0000	7
		_delay_ms      		CODE           	16FD4	0000	55
		_I2C1_DO_SEND_ADR_WRITE		CODE           	1754A	0000	23
		_blink_led     		CODE           	15F02	0000	149
		_I2C1_MasterClearIrq		CODE           	176C6	0000	9
		_relay_set_trigger_edge		CODE           	170DA	0000	51
		_I2C1_DO_SEND_STOP		CODE           	1740A	0000	31
		_I2C1_DO_BUS_COLLISION		CODE           	167DE	0000	99
		_I2C1_DO_BUS_ERROR		CODE           	175B6	0000	17
		_I2C1_MasterSendAck		CODE           	176E6	0000	7
		_relay_set_trigger_wait		CODE           	16E72	0000	61
		_I2C1_MasterFsm		CODE           	16900	0000	93
		_I2C1_MasterGetRxData		CODE           	176EC	0000	7
		_I2C1_ReadNBytesFunc		CODE           	16F26	0000	59
		_relay_trigger_on		CODE           	15D32	0000	159
		_recv_switch_begin		CODE           	172D2	0000	39
		_I2C1_MasterResetBus		CODE           	17694	0000	11
		_I2C1_MasterIsCountFlagSet		CODE           	17638	0000	15
		_relay_trigger_off		CODE           	17584	0000	19
		_I2C1_DO_SEND_ADR_READ		CODE           	173AA	0000	35
		_system_get_technician_pin		CODE           	17446	0000	27
		_system_set_technician_pin		CODE           	16DFA	0000	61
		_rc6_interrupt_handler		CODE           	16CC4	0000	65
		_relay_get_trigger_width		CODE           	1747A	0000	27
		_is_transmitter_is_master		CODE           	17366	0000	35
		_I2C1_DO_RX_NACK_STOP		CODE           	175D6	0000	15

BTZGDRrv.c estimated size: 22373

C:\Program Files (x86)\Microchip\xc8\v2.05\pic\sources\c99\common\printf.c
		_printf        		CODE           	17254	0000	45

C:\Program Files (x86)\Microchip\xc8\v2.05\pic\sources\c99\common\printf.c estimated size: 45

C:\Program Files (x86)\Microchip\xc8\v2.05\pic\sources\c99\common\llmod.c
		___llmod       		CODE           	1642A	0000	111

C:\Program Files (x86)\Microchip\xc8\v2.05\pic\sources\c99\common\llmod.c estimated size: 111

C:\Program Files (x86)\Microchip\xc8\v2.05\pic\sources\c99\common\nf_fputc.c
		_fputc         		CODE           	16504	0000	109

C:\Program Files (x86)\Microchip\xc8\v2.05\pic\sources\c99\common\nf_fputc.c estimated size: 109

C:\Program Files (x86)\Microchip\xc8\v2.05\pic\sources\c99\common\islower.c
		_islower       		CODE           	1700A	0000	53

C:\Program Files (x86)\Microchip\xc8\v2.05\pic\sources\c99\common\islower.c estimated size: 53

C:\Program Files (x86)\Microchip\xc8\v2.05\pic\sources\c99\common\lodiv.c
		___lodiv       		CODE           	1571E	0000	223

C:\Program Files (x86)\Microchip\xc8\v2.05\pic\sources\c99\common\lodiv.c estimated size: 223

C:\Program Files (x86)\Microchip\xc8\v2.05\pic\sources\c99\common\aodiv.c
		___aodiv       		CODE           	14D0E	0000	345

C:\Program Files (x86)\Microchip\xc8\v2.05\pic\sources\c99\common\aodiv.c estimated size: 345

C:\Program Files (x86)\Microchip\xc8\v2.05\pic\sources\c99\common\isupper.c
		_isupper       		CODE           	1703E	0000	53

C:\Program Files (x86)\Microchip\xc8\v2.05\pic\sources\c99\common\isupper.c estimated size: 53

C:\Program Files (x86)\Microchip\xc8\v2.05\pic\sources\c99\common\toupper.c
		_toupper       		CODE           	16ABA	0000	83

C:\Program Files (x86)\Microchip\xc8\v2.05\pic\sources\c99\common\toupper.c estimated size: 83

C:\Program Files (x86)\Microchip\xc8\v2.05\pic\sources\c99\common\strlen.c
		_strlen        		CODE           	1710C	0000	51

C:\Program Files (x86)\Microchip\xc8\v2.05\pic\sources\c99\common\strlen.c estimated size: 51

C:\Program Files (x86)\Microchip\xc8\v2.05\pic\sources\c99\common\isspace.c
		_isspace       		CODE           	16C80	0000	69

C:\Program Files (x86)\Microchip\xc8\v2.05\pic\sources\c99\common\isspace.c estimated size: 69

C:\Program Files (x86)\Microchip\xc8\v2.05\pic\sources\c99\common\memset.c
		_memset        		CODE           	14E66	0000	341

C:\Program Files (x86)\Microchip\xc8\v2.05\pic\sources\c99\common\memset.c estimated size: 341

C:\Program Files (x86)\Microchip\xc8\v2.05\pic\sources\c99\common\strncmp.c
		_strncmp       		CODE           	15556	0000	231

C:\Program Files (x86)\Microchip\xc8\v2.05\pic\sources\c99\common\strncmp.c estimated size: 231

C:\Program Files (x86)\Microchip\xc8\v2.05\pic\sources\c99\common\doprnt.c
		_vfpfcnvrt     		CODE           	12672	0000	2431
		_pad           		CODE           	15B34	0000	179
		_dtoa          		CODE           	138A8	0000	691
		_vfprintf      		CODE           	16344	0000	119
		_utoa          		CODE           	1425E	0000	539
		_xtoa          		CODE           	13B5A	0000	647

C:\Program Files (x86)\Microchip\xc8\v2.05\pic\sources\c99\common\doprnt.c estimated size: 4606

shared
		i2_relay_get_trigger_wait		CODE           	17516	0000	27
		i2_rotary_position_now		CODE           	16712	0000	103
		i2_relay_get_trigger_width		CODE           	174FC	0000	27
		i2_millis      		CODE           	17530	0000	27
		i2_rotary_switch_on_change_handler		CODE           	1719E	0000	49
		__initialization		CODE           	15BE6	0000	169
		i2_blink_led_async_stop		CODE           	16BF4	0000	73
		i2_relay_get_trigger_edge		CODE           	17716	0000	7
		_bit_convt_4to6		MEDIUMCONST    	F61C	0000	17
		_i2c1_fsmStateTable		MEDIUMCONST    	F5E3	0000	58
		i2_rotary_swtich_update		CODE           	165DA	0000	107

shared estimated size: 664

C:\Program Files (x86)\Microchip\xc8\v2.05\pic\sources\c99\common\isalpha.c
		_isalpha       		CODE           	17072	0000	53

C:\Program Files (x86)\Microchip\xc8\v2.05\pic\sources\c99\common\isalpha.c estimated size: 53

C:\Program Files (x86)\Microchip\xc8\v2.05\pic\sources\c99\common\Umul16.c
		___wmul        		CODE           	171CE	0000	47

C:\Program Files (x86)\Microchip\xc8\v2.05\pic\sources\c99\common\Umul16.c estimated size: 47

C:\Program Files (x86)\Microchip\xc8\v2.05\pic\sources\c99\common\atoi.c
		_atoi          		CODE           	14A24	0000	379

C:\Program Files (x86)\Microchip\xc8\v2.05\pic\sources\c99\common\atoi.c estimated size: 379

C:\Program Files (x86)\Microchip\xc8\v2.05\pic\sources\c99\common\abs.c
		_abs           		CODE           	16D80	0000	63

C:\Program Files (x86)\Microchip\xc8\v2.05\pic\sources\c99\common\abs.c estimated size: 63

C:\Program Files (x86)\Microchip\xc8\v2.05\pic\sources\c99\common\nf_fputs.c
		_fputs         		CODE           	16D42	0000	63

C:\Program Files (x86)\Microchip\xc8\v2.05\pic\sources\c99\common\nf_fputs.c estimated size: 63

C:\Program Files (x86)\Microchip\xc8\v2.05\pic\sources\c99\common\memcmp.c
		_memcmp        		CODE           	16028	0000	145

C:\Program Files (x86)\Microchip\xc8\v2.05\pic\sources\c99\common\memcmp.c estimated size: 145

C:\Program Files (x86)\Microchip\xc8\v2.05\pic\sources\c99\common\memcpy.c
		_memcpy        		CODE           	169B8	0000	87

C:\Program Files (x86)\Microchip\xc8\v2.05\pic\sources\c99\common\memcpy.c estimated size: 87

C:\Program Files (x86)\Microchip\xc8\v2.05\pic\sources\c99\common\isdigit.c
		_isdigit       		CODE           	170A6	0000	53

C:\Program Files (x86)\Microchip\xc8\v2.05\pic\sources\c99\common\isdigit.c estimated size: 53

C:\Program Files (x86)\Microchip\xc8\v2.05\pic\sources\c99\common\lomod.c
		___lomod       		CODE           	15A76	0000	191

C:\Program Files (x86)\Microchip\xc8\v2.05\pic\sources\c99\common\lomod.c estimated size: 191

C:\Program Files (x86)\Microchip\xc8\v2.05\pic\sources\c99\common\aomod.c
		___aomod       		CODE           	15108	0000	309

C:\Program Files (x86)\Microchip\xc8\v2.05\pic\sources\c99\common\aomod.c estimated size: 309

